Component: ARM Compiler 5.06 update 6 (build 750) Tool: armlink [4d35ed]

==============================================================================

Section Cross References

    board.o(i.BOARD_ConfigMPU) refers to board.o(i.SCB_DisableDCache) for SCB_DisableDCache
    board.o(i.BOARD_ConfigMPU) refers to board.o(i.SCB_EnableDCache) for SCB_EnableDCache
    board.o(i.BOARD_ConfigMPU) refers to board.o(i.SCB_EnableICache) for SCB_EnableICache
    board.o(i.BOARD_DebugConsoleSrcFreq) refers to fsl_clock.o(i.CLOCK_GetPllFreq) for CLOCK_GetPllFreq
    board.o(i.BOARD_DebugConsoleSrcFreq) refers to board.o(i.CLOCK_GetDiv) for CLOCK_GetDiv
    board.o(i.BOARD_DebugConsoleSrcFreq) refers to fsl_clock.o(.bss) for g_xtalFreq
    board.o(i.BOARD_InitDebugConsole) refers to board.o(i.BOARD_DebugConsoleSrcFreq) for BOARD_DebugConsoleSrcFreq
    board.o(i.BOARD_InitDebugConsole) refers to fsl_debug_console.o(i.DbgConsole_Init) for DbgConsole_Init
    board.o(i.BOARD_SD_Pin_Config) refers to board.o(i.IOMUXC_SetPinConfig) for IOMUXC_SetPinConfig
    board.o(i.board_init) refers to board.o(i.BOARD_ConfigMPU) for BOARD_ConfigMPU
    board.o(i.board_init) refers to clock_config.o(i.BOARD_BootClockRUN) for BOARD_BootClockRUN
    board.o(i.board_init) refers to board.o(i.BOARD_InitDebugConsole) for BOARD_InitDebugConsole
    board.o(i.board_init) refers to zf_uart.o(i.uart_init) for uart_init
    clock_config.o(i.BOARD_BootClockRUN) refers to fsl_clock.o(i.CLOCK_InitExternalClk) for CLOCK_InitExternalClk
    clock_config.o(i.BOARD_BootClockRUN) refers to fsl_clock.o(i.CLOCK_InitRcOsc24M) for CLOCK_InitRcOsc24M
    clock_config.o(i.BOARD_BootClockRUN) refers to fsl_clock.o(i.CLOCK_SwitchOsc) for CLOCK_SwitchOsc
    clock_config.o(i.BOARD_BootClockRUN) refers to clock_config.o(i.CLOCK_SetMux) for CLOCK_SetMux
    clock_config.o(i.BOARD_BootClockRUN) refers to fsl_clock.o(i.CLOCK_InitArmPll) for CLOCK_InitArmPll
    clock_config.o(i.BOARD_BootClockRUN) refers to fsl_clock.o(i.CLOCK_DeinitAudioPll) for CLOCK_DeinitAudioPll
    clock_config.o(i.BOARD_BootClockRUN) refers to clock_config.o(i.CLOCK_SetPllBypass) for CLOCK_SetPllBypass
    clock_config.o(i.BOARD_BootClockRUN) refers to fsl_clock.o(i.CLOCK_DeinitVideoPll) for CLOCK_DeinitVideoPll
    clock_config.o(i.BOARD_BootClockRUN) refers to fsl_clock.o(i.CLOCK_DeinitEnetPll) for CLOCK_DeinitEnetPll
    clock_config.o(i.BOARD_BootClockRUN) refers to fsl_clock.o(i.CLOCK_DeinitUsb2Pll) for CLOCK_DeinitUsb2Pll
    clock_config.o(i.BOARD_BootClockRUN) refers to clock_config.o(i.CLOCK_SetDiv) for CLOCK_SetDiv
    clock_config.o(i.BOARD_BootClockRUN) refers to clock_config.o(i.CLOCK_DisableClock) for CLOCK_DisableClock
    clock_config.o(i.BOARD_BootClockRUN) refers to fsl_clock.o(.bss) for g_rtcXtalFreq
    clock_config.o(i.BOARD_BootClockRUN) refers to clock_config.o(.constdata) for armPllConfig_BOARD_BootClockRUN
    clock_config.o(i.BOARD_BootClockRUN) refers to system_mimxrt1064.o(.data) for SystemCoreClock
    clock_config.o(i.BOARD_InitBootClocks) refers to clock_config.o(i.BOARD_BootClockRUN) for BOARD_BootClockRUN
    clock_config.o(i.CLOCK_DisableClock) refers to fsl_assert.o(i.__aeabi_assert) for __aeabi_assert
    clock_config.o(i.CLOCK_SetDiv) refers to fsl_assert.o(i.__aeabi_assert) for __aeabi_assert
    clock_config.o(i.CLOCK_SetMux) refers to fsl_assert.o(i.__aeabi_assert) for __aeabi_assert
    pin_mux.o(i.BOARD_InitBootPins) refers to pin_mux.o(i.BOARD_InitPins) for BOARD_InitPins
    pin_mux.o(i.BOARD_InitPins) refers to pin_mux.o(i.CLOCK_EnableClock) for CLOCK_EnableClock
    pin_mux.o(i.BOARD_InitPins) refers to pin_mux.o(i.IOMUXC_SetPinMux) for IOMUXC_SetPinMux
    pin_mux.o(i.BOARD_InitPins) refers to pin_mux.o(i.IOMUXC_SetPinConfig) for IOMUXC_SetPinConfig
    pin_mux.o(i.CLOCK_EnableClock) refers to fsl_assert.o(i.__aeabi_assert) for __aeabi_assert
    generic_list.o(i.LIST_AddHead) refers to generic_list.o(i.DisableGlobalIRQ) for DisableGlobalIRQ
    generic_list.o(i.LIST_AddHead) refers to generic_list.o(i.EnableGlobalIRQ) for EnableGlobalIRQ
    generic_list.o(i.LIST_AddPrevElement) refers to generic_list.o(i.DisableGlobalIRQ) for DisableGlobalIRQ
    generic_list.o(i.LIST_AddPrevElement) refers to generic_list.o(i.EnableGlobalIRQ) for EnableGlobalIRQ
    generic_list.o(i.LIST_AddTail) refers to generic_list.o(i.DisableGlobalIRQ) for DisableGlobalIRQ
    generic_list.o(i.LIST_AddTail) refers to generic_list.o(i.EnableGlobalIRQ) for EnableGlobalIRQ
    generic_list.o(i.LIST_RemoveElement) refers to generic_list.o(i.DisableGlobalIRQ) for DisableGlobalIRQ
    generic_list.o(i.LIST_RemoveElement) refers to generic_list.o(i.EnableGlobalIRQ) for EnableGlobalIRQ
    generic_list.o(i.LIST_RemoveHead) refers to generic_list.o(i.DisableGlobalIRQ) for DisableGlobalIRQ
    generic_list.o(i.LIST_RemoveHead) refers to generic_list.o(i.EnableGlobalIRQ) for EnableGlobalIRQ
[...]
    DMA7_DMA23_IRQHandler                    0x700024ef   Thumb Code     4  startup_mimxrt1064.o(.text)
    DMA8_DMA24_IRQHandler                    0x700024f3   Thumb Code     4  startup_mimxrt1064.o(.text)
    DMA9_DMA25_IRQHandler                    0x700024f7   Thumb Code     4  startup_mimxrt1064.o(.text)
    DMA10_DMA26_IRQHandler                   0x700024fb   Thumb Code     4  startup_mimxrt1064.o(.text)
    DMA11_DMA27_IRQHandler                   0x700024ff   Thumb Code     4  startup_mimxrt1064.o(.text)
    DMA12_DMA28_IRQHandler                   0x70002503   Thumb Code     4  startup_mimxrt1064.o(.text)
    DMA13_DMA29_IRQHandler                   0x70002507   Thumb Code     4  startup_mimxrt1064.o(.text)
    DMA14_DMA30_IRQHandler                   0x7000250b   Thumb Code     4  startup_mimxrt1064.o(.text)
    DMA15_DMA31_IRQHandler                   0x7000250f   Thumb Code     4  startup_mimxrt1064.o(.text)
    DMA_ERROR_IRQHandler                     0x70002513   Thumb Code     4  startup_mimxrt1064.o(.text)
    LPUART1_IRQHandler                       0x70002517   Thumb Code     4  startup_mimxrt1064.o(.text)
    LPUART2_IRQHandler                       0x7000251b   Thumb Code     4  startup_mimxrt1064.o(.text)
    LPUART3_IRQHandler                       0x7000251f   Thumb Code     4  startup_mimxrt1064.o(.text)
    LPUART4_IRQHandler                       0x70002523   Thumb Code     4  startup_mimxrt1064.o(.text)
    LPUART5_IRQHandler                       0x70002527   Thumb Code     4  startup_mimxrt1064.o(.text)
    LPUART6_IRQHandler                       0x7000252b   Thumb Code     4  startup_mimxrt1064.o(.text)
    LPUART7_IRQHandler                       0x7000252f   Thumb Code     4  startup_mimxrt1064.o(.text)
    LPUART8_IRQHandler                       0x70002533   Thumb Code     4  startup_mimxrt1064.o(.text)
    LPI2C1_IRQHandler                        0x70002537   Thumb Code     4  startup_mimxrt1064.o(.text)
    LPI2C2_IRQHandler                        0x7000253b   Thumb Code     4  startup_mimxrt1064.o(.text)
    LPI2C3_IRQHandler                        0x7000253f   Thumb Code     4  startup_mimxrt1064.o(.text)
    LPI2C4_IRQHandler                        0x70002543   Thumb Code     4  startup_mimxrt1064.o(.text)
    LPSPI1_IRQHandler                        0x70002547   Thumb Code     4  startup_mimxrt1064.o(.text)
    LPSPI2_IRQHandler                        0x7000254b   Thumb Code     4  startup_mimxrt1064.o(.text)
    LPSPI3_IRQHandler                        0x7000254f   Thumb Code     4  startup_mimxrt1064.o(.text)
    LPSPI4_IRQHandler                        0x70002553   Thumb Code     4  startup_mimxrt1064.o(.text)
    CAN1_IRQHandler                          0x70002557   Thumb Code     4  startup_mimxrt1064.o(.text)
    CAN2_IRQHandler                          0x7000255b   Thumb Code     4  startup_mimxrt1064.o(.text)
    SAI1_IRQHandler                          0x7000255f   Thumb Code     4  startup_mimxrt1064.o(.text)
    SAI2_IRQHandler                          0x70002563   Thumb Code     4  startup_mimxrt1064.o(.text)
    SAI3_RX_IRQHandler                       0x70002567   Thumb Code     4  startup_mimxrt1064.o(.text)
    SAI3_TX_IRQHandler                       0x7000256b   Thumb Code     4  startup_mimxrt1064.o(.text)
    SPDIF_IRQHandler                         0x7000256f   Thumb Code     4  startup_mimxrt1064.o(.text)
    FLEXIO1_IRQHandler                       0x70002573   Thumb Code     4  startup_mimxrt1064.o(.text)
    FLEXIO2_IRQHandler                       0x70002577   Thumb Code     4  startup_mimxrt1064.o(.text)
    FLEXSPI2_IRQHandler                      0x7000257b   Thumb Code     4  startup_mimxrt1064.o(.text)
    FLEXSPI_IRQHandler                       0x7000257f   Thumb Code     4  startup_mimxrt1064.o(.text)
    USDHC1_IRQHandler                        0x70002583   Thumb Code     4  startup_mimxrt1064.o(.text)
    USDHC2_IRQHandler                        0x70002587   Thumb Code     4  startup_mimxrt1064.o(.text)
    ENET_IRQHandler                          0x7000258b   Thumb Code     4  startup_mimxrt1064.o(.text)
    ENET2_IRQHandler                         0x70002593   Thumb Code     4  startup_mimxrt1064.o(.text)
    ENET2_1588_Timer_IRQHandler              0x70002597   Thumb Code     4  startup_mimxrt1064.o(.text)
    CAN3_IRQHandler                          0x7000259b   Thumb Code     4  startup_mimxrt1064.o(.text)
    FLEXIO3_IRQHandler                       0x7000259f   Thumb Code     4  startup_mimxrt1064.o(.text)
    ACMP1_IRQHandler                         0x700025a3   Thumb Code     0  startup_mimxrt1064.o(.text)
    ACMP2_IRQHandler                         0x700025a3   Thumb Code     0  startup_mimxrt1064.o(.text)
    ACMP3_IRQHandler                         0x700025a3   Thumb Code     0  startup_mimxrt1064.o(.text)
    ACMP4_IRQHandler                         0x700025a3   Thumb Code     0  startup_mimxrt1064.o(.text)
    ADC1_IRQHandler                          0x700025a3   Thumb Code     0  startup_mimxrt1064.o(.text)
    ADC2_IRQHandler                          0x700025a3   Thumb Code     0  startup_mimxrt1064.o(.text)
    ADC_ETC_ERROR_IRQ_IRQHandler             0x700025a3   Thumb Code     0  startup_mimxrt1064.o(.text)
    ADC_ETC_IRQ0_IRQHandler                  0x700025a3   Thumb Code     0  startup_mimxrt1064.o(.text)
    ADC_ETC_IRQ1_IRQHandler                  0x700025a3   Thumb Code     0  startup_mimxrt1064.o(.text)
    ADC_ETC_IRQ2_IRQHandler                  0x700025a3   Thumb Code     0  startup_mimxrt1064.o(.text)
    BEE_IRQHandler                           0x700025a3   Thumb Code     0  startup_mimxrt1064.o(.text)
    CCM_1_IRQHandler                         0x700025a3   Thumb Code     0  startup_mimxrt1064.o(.text)
    CCM_2_IRQHandler                         0x700025a3   Thumb Code     0  startup_mimxrt1064.o(.text)
    CORE_IRQHandler                          0x700025a3   Thumb Code     0  startup_mimxrt1064.o(.text)
    CSU_IRQHandler                           0x700025a3   Thumb Code     0  startup_mimxrt1064.o(.text)
    CTI0_ERROR_IRQHandler                    0x700025a3   Thumb Code     0  startup_mimxrt1064.o(.text)
    CTI1_ERROR_IRQHandler                    0x700025a3   Thumb Code     0  startup_mimxrt1064.o(.text)
    DCDC_IRQHandler                          0x700025a3   Thumb Code     0  startup_mimxrt1064.o(.text)
    DCP_IRQHandler                           0x700025a3   Thumb Code     0  startup_mimxrt1064.o(.text)
    DCP_VMI_IRQHandler                       0x700025a3   Thumb Code     0  startup_mimxrt1064.o(.text)
    DMA_ERROR_DriverIRQHandler               0x700025a3   Thumb Code     0  startup_mimxrt1064.o(.text)
    DefaultISR                               0x700025a3   Thumb Code     0  startup_mimxrt1064.o(.text)
    ENC1_IRQHandler                          0x700025a3   Thumb Code     0  startup_mimxrt1064.o(.text)
    ENC2_IRQHandler                          0x700025a3   Thumb Code     0  startup_mimxrt1064.o(.text)
    ENC3_IRQHandler                          0x700025a3   Thumb Code     0  startup_mimxrt1064.o(.text)
    ENC4_IRQHandler                          0x700025a3   Thumb Code     0  startup_mimxrt1064.o(.text)
    ENET2_1588_Timer_DriverIRQHandler        0x700025a3   Thumb Code     0  startup_mimxrt1064.o(.text)
    ENET_1588_Timer_DriverIRQHandler         0x700025a3   Thumb Code     0  startup_mimxrt1064.o(.text)
    EWM_IRQHandler                           0x700025a3   Thumb Code     0  startup_mimxrt1064.o(.text)
    FLEXRAM_IRQHandler                       0x700025a3   Thumb Code     0  startup_mimxrt1064.o(.text)
    FLEXSPI2_DriverIRQHandler                0x700025a3   Thumb Code     0  startup_mimxrt1064.o(.text)
    FLEXSPI_DriverIRQHandler                 0x700025a3   Thumb Code     0  startup_mimxrt1064.o(.text)
    GPC_IRQHandler                           0x700025a3   Thumb Code     0  startup_mimxrt1064.o(.text)
    GPIO1_Combined_0_15_IRQHandler           0x700025a3   Thumb Code     0  startup_mimxrt1064.o(.text)
    GPIO1_Combined_16_31_IRQHandler          0x700025a3   Thumb Code     0  startup_mimxrt1064.o(.text)
    GPIO1_INT0_IRQHandler                    0x700025a3   Thumb Code     0  startup_mimxrt1064.o(.text)
    GPIO1_INT1_IRQHandler                    0x700025a3   Thumb Code     0  startup_mimxrt1064.o(.text)
    GPIO1_INT2_IRQHandler                    0x700025a3   Thumb Code     0  startup_mimxrt1064.o(.text)
    GPIO1_INT3_IRQHandler                    0x700025a3   Thumb Code     0  startup_mimxrt1064.o(.text)
    GPIO1_INT4_IRQHandler                    0x700025a3   Thumb Code     0  startup_mimxrt1064.o(.text)
    GPIO1_INT5_IRQHandler                    0x700025a3   Thumb Code     0  startup_mimxrt1064.o(.text)
    GPIO1_INT6_IRQHandler                    0x700025a3   Thumb Code     0  startup_mimxrt1064.o(.text)
    GPIO1_INT7_IRQHandler                    0x700025a3   Thumb Code     0  startup_mimxrt1064.o(.text)
    GPIO3_Combined_0_15_IRQHandler           0x700025a3   Thumb Code     0  startup_mimxrt1064.o(.text)
    GPIO3_Combined_16_31_IRQHandler          0x700025a3   Thumb Code     0  startup_mimxrt1064.o(.text)
    GPIO4_Combined_0_15_IRQHandler           0x700025a3   Thumb Code     0  startup_mimxrt1064.o(.text)
    GPIO4_Combined_16_31_IRQHandler          0x700025a3   Thumb Code     0  startup_mimxrt1064.o(.text)
    GPIO5_Combined_0_15_IRQHandler           0x700025a3   Thumb Code     0  startup_mimxrt1064.o(.text)
    GPIO5_Combined_16_31_IRQHandler          0x700025a3   Thumb Code     0  startup_mimxrt1064.o(.text)
    GPIO6_7_8_9_IRQHandler                   0x700025a3   Thumb Code     0  startup_mimxrt1064.o(.text)
    GPR_IRQ_IRQHandler                       0x700025a3   Thumb Code     0  startup_mimxrt1064.o(.text)
    GPT1_IRQHandler                          0x700025a3   Thumb Code     0  startup_mimxrt1064.o(.text)
    GPT2_IRQHandler                          0x700025a3   Thumb Code     0  startup_mimxrt1064.o(.text)
    KPP_IRQHandler                           0x700025a3   Thumb Code     0  startup_mimxrt1064.o(.text)
    LCDIF_IRQHandler                         0x700025a3   Thumb Code     0  startup_mimxrt1064.o(.text)
    PMU_EVENT_IRQHandler                     0x700025a3   Thumb Code     0  startup_mimxrt1064.o(.text)
    PWM1_0_IRQHandler                        0x700025a3   Thumb Code     0  startup_mimxrt1064.o(.text)
    PWM1_1_IRQHandler                        0x700025a3   Thumb Code     0  startup_mimxrt1064.o(.text)
    PWM1_2_IRQHandler                        0x700025a3   Thumb Code     0  startup_mimxrt1064.o(.text)
    PWM1_3_IRQHandler                        0x700025a3   Thumb Code     0  startup_mimxrt1064.o(.text)
    PWM1_FAULT_IRQHandler                    0x700025a3   Thumb Code     0  startup_mimxrt1064.o(.text)
    PWM2_0_IRQHandler                        0x700025a3   Thumb Code     0  startup_mimxrt1064.o(.text)
    PWM2_1_IRQHandler                        0x700025a3   Thumb Code     0  startup_mimxrt1064.o(.text)
    PWM2_2_IRQHandler                        0x700025a3   Thumb Code     0  startup_mimxrt1064.o(.text)
    PWM2_3_IRQHandler                        0x700025a3   Thumb Code     0  startup_mimxrt1064.o(.text)
    PWM2_FAULT_IRQHandler                    0x700025a3   Thumb Code     0  startup_mimxrt1064.o(.text)
    PWM3_0_IRQHandler                        0x700025a3   Thumb Code     0  startup_mimxrt1064.o(.text)
    PWM3_1_IRQHandler                        0x700025a3   Thumb Code     0  startup_mimxrt1064.o(.text)
    PWM3_2_IRQHandler                        0x700025a3   Thumb Code     0  startup_mimxrt1064.o(.text)
    PWM3_3_IRQHandler                        0x700025a3   Thumb Code     0  startup_mimxrt1064.o(.text)
    PWM3_FAULT_IRQHandler                    0x700025a3   Thumb Code     0  startup_mimxrt1064.o(.text)
    PWM4_0_IRQHandler                        0x700025a3   Thumb Code     0  startup_mimxrt1064.o(.text)
    PWM4_1_IRQHandler                        0x700025a3   Thumb Code     0  startup_mimxrt1064.o(.text)
    PWM4_2_IRQHandler                        0x700025a3   Thumb Code     0  startup_mimxrt1064.o(.text)
    PWM4_3_IRQHandler                        0x700025a3   Thumb Code     0  startup_mimxrt1064.o(.text)
    PWM4_FAULT_IRQHandler                    0x700025a3   Thumb Code     0  startup_mimxrt1064.o(.text)
    PXP_IRQHandler                           0x700025a3   Thumb Code     0  startup_mimxrt1064.o(.text)
    RTWDOG_IRQHandler                        0x700025a3   Thumb Code     0  startup_mimxrt1064.o(.text)
    Reserved115_IRQHandler                   0x700025a3   Thumb Code     0  startup_mimxrt1064.o(.text)
    Reserved143_IRQHandler                   0x700025a3   Thumb Code     0  startup_mimxrt1064.o(.text)
    Reserved144_IRQHandler                   0x700025a3   Thumb Code     0  startup_mimxrt1064.o(.text)
    Reserved171_IRQHandler                   0x700025a3   Thumb Code     0  startup_mimxrt1064.o(.text)
    Reserved68_IRQHandler                    0x700025a3   Thumb Code     0  startup_mimxrt1064.o(.text)
    Reserved78_IRQHandler                    0x700025a3   Thumb Code     0  startup_mimxrt1064.o(.text)
    Reserved86_IRQHandler                    0x700025a3   Thumb Code     0  startup_mimxrt1064.o(.text)
    Reserved87_IRQHandler                    0x700025a3   Thumb Code     0  startup_mimxrt1064.o(.text)
    SEMC_IRQHandler                          0x700025a3   Thumb Code     0  startup_mimxrt1064.o(.text)
    SJC_IRQHandler                           0x700025a3   Thumb Code     0  startup_mimxrt1064.o(.text)
    SNVS_HP_WRAPPER_IRQHandler               0x700025a3   Thumb Code     0  startup_mimxrt1064.o(.text)
    SNVS_HP_WRAPPER_TZ_IRQHandler            0x700025a3   Thumb Code     0  startup_mimxrt1064.o(.text)
    SNVS_LP_WRAPPER_IRQHandler               0x700025a3   Thumb Code     0  startup_mimxrt1064.o(.text)
    SRC_IRQHandler                           0x700025a3   Thumb Code     0  startup_mimxrt1064.o(.text)
    TEMP_LOW_HIGH_IRQHandler                 0x700025a3   Thumb Code     0  startup_mimxrt1064.o(.text)
    TEMP_PANIC_IRQHandler                    0x700025a3   Thumb Code     0  startup_mimxrt1064.o(.text)
    TMR1_IRQHandler                          0x700025a3   Thumb Code     0  startup_mimxrt1064.o(.text)
    TMR2_IRQHandler                          0x700025a3   Thumb Code     0  startup_mimxrt1064.o(.text)
    TMR3_IRQHandler                          0x700025a3   Thumb Code     0  startup_mimxrt1064.o(.text)
    TMR4_IRQHandler                          0x700025a3   Thumb Code     0  startup_mimxrt1064.o(.text)
    TRNG_IRQHandler                          0x700025a3   Thumb Code     0  startup_mimxrt1064.o(.text)
    TSC_DIG_IRQHandler                       0x700025a3   Thumb Code     0  startup_mimxrt1064.o(.text)
    USB_OTG1_IRQHandler                      0x700025a3   Thumb Code     0  startup_mimxrt1064.o(.text)
    USB_OTG2_IRQHandler                      0x700025a3   Thumb Code     0  startup_mimxrt1064.o(.text)
    USB_PHY1_IRQHandler                      0x700025a3   Thumb Code     0  startup_mimxrt1064.o(.text)
    USB_PHY2_IRQHandler                      0x700025a3   Thumb Code     0  startup_mimxrt1064.o(.text)
    WDOG1_IRQHandler                         0x700025a3   Thumb Code     0  startup_mimxrt1064.o(.text)
    WDOG2_IRQHandler                         0x700025a3   Thumb Code     0  startup_mimxrt1064.o(.text)
    XBAR1_IRQ_0_1_IRQHandler                 0x700025a3   Thumb Code     0  startup_mimxrt1064.o(.text)
    XBAR1_IRQ_2_3_IRQHandler                 0x700025a3   Thumb Code     0  startup_mimxrt1064.o(.text)
    Long Thumb to Thumb Veneer to __rt_entry 0x70002699   Thumb Code    10  anon$$obj.o(Veneer$$Code)
    SystemInit                               0x700027bd   Thumb Code   220  system_mimxrt1064.o(i.SystemInit)
    SystemInitHook                           0x700028b1   Thumb Code     2  system_mimxrt1064.o(i.SystemInitHook)
    Region$$Table$$Base                      0x700028b4   Number         0  anon$$obj.o(Region$$Table)
    Region$$Table$$Limit                     0x700028e4   Number         0  anon$$obj.o(Region$$Table)
    __rt_lib_init                            0x80000401   Thumb Code     0  libinit.o(.ARM.Collect$$libinit$$00000000)
    __rt_lib_init_fp_1                       0x80000403   Thumb Code     0  libinit2.o(.ARM.Collect$$libinit$$00000001)
    __rt_lib_init_alloca_1                   0x80000407   Thumb Code     0  libinit2.o(.ARM.Collect$$libinit$$0000002E)
    __rt_lib_init_argv_1                     0x80000407   Thumb Code     0  libinit2.o(.ARM.Collect$$libinit$$0000002C)
    __rt_lib_init_atexit_1                   0x80000407   Thumb Code     0  libinit2.o(.ARM.Collect$$libinit$$0000001B)
    __rt_lib_init_clock_1                    0x80000407   Thumb Code     0  libinit2.o(.ARM.Collect$$libinit$$00000021)
    __rt_lib_init_cpp_1                      0x80000407   Thumb Code     0  libinit2.o(.ARM.Collect$$libinit$$00000032)
    __rt_lib_init_exceptions_1               0x80000407   Thumb Code     0  libinit2.o(.ARM.Collect$$libinit$$00000030)
    __rt_lib_init_fp_trap_1                  0x80000407   Thumb Code     0  libinit2.o(.ARM.Collect$$libinit$$0000001F)
    __rt_lib_init_getenv_1                   0x80000407   Thumb Code     0  libinit2.o(.ARM.Collect$$libinit$$00000023)
    __rt_lib_init_heap_1                     0x80000407   Thumb Code     0  libinit2.o(.ARM.Collect$$libinit$$0000000A)
    __rt_lib_init_lc_collate_1               0x80000407   Thumb Code     0  libinit2.o(.ARM.Collect$$libinit$$00000011)
    __rt_lib_init_lc_ctype_1                 0x80000407   Thumb Code     0  libinit2.o(.ARM.Collect$$libinit$$00000013)
    __rt_lib_init_lc_monetary_1              0x80000407   Thumb Code     0  libinit2.o(.ARM.Collect$$libinit$$00000015)
    __rt_lib_init_lc_numeric_1               0x80000407   Thumb Code     0  libinit2.o(.ARM.Collect$$libinit$$00000017)
    __rt_lib_init_lc_time_1                  0x80000407   Thumb Code     0  libinit2.o(.ARM.Collect$$libinit$$00000019)
    __rt_lib_init_preinit_1                  0x80000407   Thumb Code     0  libinit2.o(.ARM.Collect$$libinit$$00000004)
    __rt_lib_init_rand_1                     0x80000407   Thumb Code     0  libinit2.o(.ARM.Collect$$libinit$$0000000E)
    __rt_lib_init_return                     0x80000407   Thumb Code     0  libinit2.o(.ARM.Collect$$libinit$$00000033)
    __rt_lib_init_signal_1                   0x80000407   Thumb Code     0  libinit2.o(.ARM.Collect$$libinit$$0000001D)
    __rt_lib_init_stdio_1                    0x80000407   Thumb Code     0  libinit2.o(.ARM.Collect$$libinit$$00000025)
    __rt_lib_init_user_alloc_1               0x80000407   Thumb Code     0  libinit2.o(.ARM.Collect$$libinit$$0000000C)
    __rt_lib_shutdown                        0x80000409   Thumb Code     0  libshutdown.o(.ARM.Collect$$libshutdown$$00000000)
    __rt_lib_shutdown_cpp_1                  0x8000040b   Thumb Code     0  libshutdown2.o(.ARM.Collect$$libshutdown$$00000002)
    __rt_lib_shutdown_fp_trap_1              0x8000040b   Thumb Code     0  libshutdown2.o(.ARM.Collect$$libshutdown$$00000007)
    __rt_lib_shutdown_heap_1                 0x8000040b   Thumb Code     0  libshutdown2.o(.ARM.Collect$$libshutdown$$0000000F)
    __rt_lib_shutdown_return                 0x8000040b   Thumb Code     0  libshutdown2.o(.ARM.Collect$$libshutdown$$00000010)
    __rt_lib_shutdown_signal_1               0x8000040b   Thumb Code     0  libshutdown2.o(.ARM.Collect$$libshutdown$$0000000A)
    __rt_lib_shutdown_stdio_1                0x8000040b   Thumb Code     0  libshutdown2.o(.ARM.Collect$$libshutdown$$00000004)
    __rt_lib_shutdown_user_alloc_1           0x8000040b   Thumb Code     0  libshutdown2.o(.ARM.Collect$$libshutdown$$0000000C)
    __rt_entry                               0x8000040d   Thumb Code     0  __rtentry.o(.ARM.Collect$$rtentry$$00000000)
    __rt_entry_presh_1                       0x8000040d   Thumb Code     0  __rtentry2.o(.ARM.Collect$$rtentry$$00000002)
    __rt_entry_sh                            0x8000040d   Thumb Code     0  __rtentry7.o(.ARM.Collect$$rtentry$$00000007)
    __rt_entry_li                            0x80000411   Thumb Code     0  __rtentry2.o(.ARM.Collect$$rtentry$$0000000A)
    __rt_entry_postsh_1                      0x80000411   Thumb Code     0  __rtentry2.o(.ARM.Collect$$rtentry$$00000009)
    __rt_entry_main                          0x80000415   Thumb Code     0  __rtentry2.o(.ARM.Collect$$rtentry$$0000000D)
    __rt_entry_postli_1                      0x80000415   Thumb Code     0  __rtentry2.o(.ARM.Collect$$rtentry$$0000000C)
    __rt_exit                                0x80000421   Thumb Code     0  rtexit.o(.ARM.Collect$$rtexit$$00000000)
    __rt_exit_ls                             0x80000423   Thumb Code     0  rtexit2.o(.ARM.Collect$$rtexit$$00000003)
    __rt_exit_prels_1                        0x80000423   Thumb Code     0  rtexit2.o(.ARM.Collect$$rtexit$$00000002)
    __rt_exit_exit                           0x80000427   Thumb Code     0  rtexit2.o(.ARM.Collect$$rtexit$$00000004)
    __aeabi_uldivmod                         0x8000042d   Thumb Code     0  lludivv7m.o(.text)
    _ll_udiv                                 0x8000042d   Thumb Code   238  lludivv7m.o(.text)
    __aeabi_ldivmod                          0x8000051b   Thumb Code     0  llsdiv.o(.text)
    _ll_sdiv                                 0x8000051b   Thumb Code    72  llsdiv.o(.text)
    strlen                                   0x80000563   Thumb Code    62  strlen.o(.text)
    __aeabi_memclr4                          0x800005a1   Thumb Code     0  rt_memclr_w.o(.text)
    __aeabi_memclr8                          0x800005a1   Thumb Code     0  rt_memclr_w.o(.text)
    __rt_memclr_w                            0x800005a1   Thumb Code    78  rt_memclr_w.o(.text)
    _memset_w                                0x800005a5   Thumb Code     0  rt_memclr_w.o(.text)
    __read_errno                             0x800005ef   Thumb Code    10  _rserrno.o(.text)
    __set_errno                              0x800005f9   Thumb Code    12  _rserrno.o(.text)
    __aeabi_errno_addr                       0x80000605   Thumb Code     8  rt_errno_addr_intlibspace.o(.text)
    __errno$intlibspace                      0x80000605   Thumb Code     0  rt_errno_addr_intlibspace.o(.text)
    __rt_errno_addr$intlibspace              0x80000605   Thumb Code     0  rt_errno_addr_intlibspace.o(.text)
    __I$use$semihosting                      0x8000060d   Thumb Code     0  use_no_semi.o(.text)
    __use_no_semihosting_swi                 0x8000060d   Thumb Code     2  use_no_semi.o(.text)
    __semihosting_library_function           0x8000060f   Thumb Code     0  indicate_semi.o(.text)
    exit                                     0x8000060f   Thumb Code    18  exit.o(.text)
    _sys_exit                                0x80000621   Thumb Code     8  sys_exit.o(.text)
    BOARD_BootClockRUN                       0x8000062d   Thumb Code  1356  clock_config.o(i.BOARD_BootClockRUN)
    BOARD_ConfigMPU                          0x80000ba1   Thumb Code   402  board.o(i.BOARD_ConfigMPU)
    BOARD_DebugConsoleSrcFreq                0x80000d69   Thumb Code    92  board.o(i.BOARD_DebugConsoleSrcFreq)
    BOARD_InitDebugConsole                   0x80000de1   Thumb Code    24  board.o(i.BOARD_InitDebugConsole)
    BusFault_Handler                         0x80000df9   Thumb Code     4  common.o(i.BusFault_Handler)
    CAN1_DriverIRQHandler                    0x80000dfd   Thumb Code    36  fsl_flexcan.o(i.CAN1_DriverIRQHandler)
    CAN2_DriverIRQHandler                    0x80000e75   Thumb Code    36  fsl_flexcan.o(i.CAN2_DriverIRQHandler)
    CAN3_DriverIRQHandler                    0x80000eed   Thumb Code    36  fsl_flexcan.o(i.CAN3_DriverIRQHandler)
    CLOCK_DeinitAudioPll                     0x80001065   Thumb Code    10  fsl_clock.o(i.CLOCK_DeinitAudioPll)
    CLOCK_DeinitEnetPll                      0x80001075   Thumb Code    10  fsl_clock.o(i.CLOCK_DeinitEnetPll)
    CLOCK_DeinitUsb2Pll                      0x80001085   Thumb Code     8  fsl_clock.o(i.CLOCK_DeinitUsb2Pll)
    CLOCK_DeinitVideoPll                     0x80001091   Thumb Code    10  fsl_clock.o(i.CLOCK_DeinitVideoPll)
    CLOCK_GetAhbFreq                         0x800011b1   Thumb Code    22  fsl_clock.o(i.CLOCK_GetAhbFreq)
    CLOCK_GetFreq                            0x800011ed   Thumb Code   274  fsl_clock.o(i.CLOCK_GetFreq)
    CLOCK_GetIpgFreq                         0x80001319   Thumb Code    22  fsl_clock.o(i.CLOCK_GetIpgFreq)
    CLOCK_GetPerClkFreq                      0x80001355   Thumb Code    46  fsl_clock.o(i.CLOCK_GetPerClkFreq)
    CLOCK_GetPllFreq                         0x80001451   Thumb Code   626  fsl_clock.o(i.CLOCK_GetPllFreq)
    CLOCK_GetSemcFreq                        0x800016dd   Thumb Code    66  fsl_clock.o(i.CLOCK_GetSemcFreq)
    CLOCK_GetSysPfdFreq                      0x80001725   Thumb Code   100  fsl_clock.o(i.CLOCK_GetSysPfdFreq)
    CLOCK_GetUsb1PfdFreq                     0x80001791   Thumb Code   100  fsl_clock.o(i.CLOCK_GetUsb1PfdFreq)
    CLOCK_InitArmPll                         0x800017fd   Thumb Code    82  fsl_clock.o(i.CLOCK_InitArmPll)
    CLOCK_InitExternalClk                    0x80001855   Thumb Code    76  fsl_clock.o(i.CLOCK_InitExternalClk)
    CLOCK_InitRcOsc24M                       0x800018ed   Thumb Code    16  fsl_clock.o(i.CLOCK_InitRcOsc24M)
    CLOCK_SwitchOsc                          0x80001bc9   Thumb Code    20  fsl_clock.o(i.CLOCK_SwitchOsc)
    CSI_ClearFifo                            0x80001be1   Thumb Code    56  fsl_csi.o(i.CSI_ClearFifo)
    CSI_DriverIRQHandler                     0x80001c19   Thumb Code    16  fsl_csi.o(i.CSI_DriverIRQHandler)
    CSI_EnableFifoDmaRequest                 0x80001c35   Thumb Code    44  fsl_csi.o(i.CSI_EnableFifoDmaRequest)
    CSI_EnableInterrupts                     0x80001c61   Thumb Code    32  fsl_csi.o(i.CSI_EnableInterrupts)
    CSI_GetDefaultConfig                     0x80001c81   Thumb Code    70  fsl_csi.o(i.CSI_GetDefaultConfig)
    CSI_IRQHandler                           0x80001d89   Thumb Code    24  isr.o(i.CSI_IRQHandler)
    CSI_Init                                 0x80001da1   Thumb Code   234  fsl_csi.o(i.CSI_Init)
    CSI_ReflashFifoDma                       0x80001ecd   Thumb Code    42  fsl_csi.o(i.CSI_ReflashFifoDma)
    CSI_Reset                                0x80001ef9   Thumb Code    78  fsl_csi.o(i.CSI_Reset)
    CSI_SetRxBufferAddr                      0x80001f4d   Thumb Code    10  fsl_csi.o(i.CSI_SetRxBufferAddr)
    CSI_TransferCreateHandle                 0x80001f89   Thumb Code   110  fsl_csi.o(i.CSI_TransferCreateHandle)
    CSI_TransferGetFullBuffer                0x80002051   Thumb Code    56  fsl_csi.o(i.CSI_TransferGetFullBuffer)
    CSI_TransferHandleIRQ                    0x80002099   Thumb Code   164  fsl_csi.o(i.CSI_TransferHandleIRQ)
    CSI_TransferStart                        0x80002175   Thumb Code   110  fsl_csi.o(i.CSI_TransferStart)
    CSI_TransferSubmitEmptyBuffer            0x8000221d   Thumb Code   116  fsl_csi.o(i.CSI_TransferSubmitEmptyBuffer)
    DMA0_DMA16_DriverIRQHandler              0x80002595   Thumb Code    48  fsl_edma.o(i.DMA0_DMA16_DriverIRQHandler)
    DMA10_DMA26_DriverIRQHandler             0x800025cd   Thumb Code    48  fsl_edma.o(i.DMA10_DMA26_DriverIRQHandler)
    DMA11_DMA27_DriverIRQHandler             0x80002605   Thumb Code    48  fsl_edma.o(i.DMA11_DMA27_DriverIRQHandler)
    DMA12_DMA28_DriverIRQHandler             0x8000263d   Thumb Code    48  fsl_edma.o(i.DMA12_DMA28_DriverIRQHandler)
    DMA13_DMA29_DriverIRQHandler             0x80002675   Thumb Code    48  fsl_edma.o(i.DMA13_DMA29_DriverIRQHandler)
    DMA14_DMA30_DriverIRQHandler             0x800026ad   Thumb Code    48  fsl_edma.o(i.DMA14_DMA30_DriverIRQHandler)
    DMA15_DMA31_DriverIRQHandler             0x800026e5   Thumb Code    48  fsl_edma.o(i.DMA15_DMA31_DriverIRQHandler)
    DMA1_DMA17_DriverIRQHandler              0x8000271d   Thumb Code    48  fsl_edma.o(i.DMA1_DMA17_DriverIRQHandler)
    DMA2_DMA18_DriverIRQHandler              0x80002755   Thumb Code    48  fsl_edma.o(i.DMA2_DMA18_DriverIRQHandler)
    DMA3_DMA19_DriverIRQHandler              0x8000278d   Thumb Code    48  fsl_edma.o(i.DMA3_DMA19_DriverIRQHandler)
    DMA4_DMA20_DriverIRQHandler              0x800027c5   Thumb Code    48  fsl_edma.o(i.DMA4_DMA20_DriverIRQHandler)
    DMA5_DMA21_DriverIRQHandler              0x800027fd   Thumb Code    48  fsl_edma.o(i.DMA5_DMA21_DriverIRQHandler)
    DMA6_DMA22_DriverIRQHandler              0x80002835   Thumb Code    48  fsl_edma.o(i.DMA6_DMA22_DriverIRQHandler)
    DMA7_DMA23_DriverIRQHandler              0x8000286d   Thumb Code    48  fsl_edma.o(i.DMA7_DMA23_DriverIRQHandler)
    DMA8_DMA24_DriverIRQHandler              0x800028a5   Thumb Code    48  fsl_edma.o(i.DMA8_DMA24_DriverIRQHandler)
    DMA9_DMA25_DriverIRQHandler              0x800028dd   Thumb Code    48  fsl_edma.o(i.DMA9_DMA25_DriverIRQHandler)
    DbgConsole_Init                          0x80002915   Thumb Code   182  fsl_debug_console.o(i.DbgConsole_Init)
    DbgConsole_Printf                        0x80002a45   Thumb Code    60  fsl_debug_console.o(i.DbgConsole_Printf)
    DbgConsole_SendData                      0x80002a85   Thumb Code    66  fsl_debug_console.o(i.DbgConsole_SendData)
    DebugMon_Handler                         0x80002ae9   Thumb Code     4  common.o(i.DebugMon_Handler)
    EDMA_GetChannelStatusFlags               0x80002aed   Thumb Code    70  fsl_edma.o(i.EDMA_GetChannelStatusFlags)
    EDMA_HandleIRQ                           0x80002b91   Thumb Code   210  fsl_edma.o(i.EDMA_HandleIRQ)
    ENET2_DriverIRQHandler                   0x80002ca5   Thumb Code    10  fsl_enet.o(i.ENET2_DriverIRQHandler)
    ENET_1588_Timer_IRQHandler               0x80002cb5   Thumb Code    16  fsl_enet.o(i.ENET_1588_Timer_IRQHandler)
    ENET_CommonFrame0IRQHandler              0x80002cd1   Thumb Code    96  fsl_enet.o(i.ENET_CommonFrame0IRQHandler)
    ENET_DriverIRQHandler                    0x80002d49   Thumb Code    10  fsl_enet.o(i.ENET_DriverIRQHandler)
    ENET_GetInstance                         0x80002d59   Thumb Code    50  fsl_enet.o(i.ENET_GetInstance)
    FLEXIO1_DriverIRQHandler                 0x80002de5   Thumb Code     8  fsl_flexio.o(i.FLEXIO1_DriverIRQHandler)
    FLEXIO2_DriverIRQHandler                 0x80002ded   Thumb Code     8  fsl_flexio.o(i.FLEXIO2_DriverIRQHandler)
    FLEXIO3_DriverIRQHandler                 0x80002df5   Thumb Code     8  fsl_flexio.o(i.FLEXIO3_DriverIRQHandler)
    FLEXIO_CAMERA_ClearStatusFlags           0x80002dfd   Thumb Code    62  fsl_flexio_camera.o(i.FLEXIO_CAMERA_ClearStatusFlags)
    FLEXIO_CommonIRQHandler                  0x80002e41   Thumb Code    44  fsl_flexio.o(i.FLEXIO_CommonIRQHandler)
    GPIO2_Combined_0_15_IRQHandler           0x80002e79   Thumb Code     8  isr.o(i.GPIO2_Combined_0_15_IRQHandler)
    GPIO2_Combined_16_31_IRQHandler          0x80002e81   Thumb Code    18  isr.o(i.GPIO2_Combined_16_31_IRQHandler)
    GPIO_PinSetInterruptConfig               0x80002ea3   Thumb Code   138  fsl_gpio.o(i.GPIO_PinSetInterruptConfig)
    GPIO_PinWrite                            0x80002f2d   Thumb Code    50  fsl_gpio.o(i.GPIO_PinWrite)
    HAL_UartInit                             0x80002fb5   Thumb Code   206  lpuart_adapter.o(i.HAL_UartInit)
    HAL_UartSendBlocking                     0x80003105   Thumb Code    82  lpuart_adapter.o(i.HAL_UartSendBlocking)
    HardFault_Handler                        0x800031b5   Thumb Code     4  common.o(i.HardFault_Handler)
    LPI2C1_DriverIRQHandler                  0x800031e1   Thumb Code    12  fsl_lpi2c.o(i.LPI2C1_DriverIRQHandler)
    LPI2C2_DriverIRQHandler                  0x800031f1   Thumb Code    12  fsl_lpi2c.o(i.LPI2C2_DriverIRQHandler)
    LPI2C3_DriverIRQHandler                  0x80003201   Thumb Code    12  fsl_lpi2c.o(i.LPI2C3_DriverIRQHandler)
    LPI2C4_DriverIRQHandler                  0x80003211   Thumb Code    12  fsl_lpi2c.o(i.LPI2C4_DriverIRQHandler)
    LPSPI1_DriverIRQHandler                  0x80003275   Thumb Code    34  fsl_lpspi.o(i.LPSPI1_DriverIRQHandler)
    LPSPI2_DriverIRQHandler                  0x800032e9   Thumb Code    34  fsl_lpspi.o(i.LPSPI2_DriverIRQHandler)
    LPSPI3_DriverIRQHandler                  0x8000335d   Thumb Code    34  fsl_lpspi.o(i.LPSPI3_DriverIRQHandler)
    LPSPI4_DriverIRQHandler                  0x800033d1   Thumb Code    34  fsl_lpspi.o(i.LPSPI4_DriverIRQHandler)
    LPUART1_DriverIRQHandler                 0x80003475   Thumb Code    16  fsl_lpuart.o(i.LPUART1_DriverIRQHandler)
    LPUART2_DriverIRQHandler                 0x80003491   Thumb Code    16  fsl_lpuart.o(i.LPUART2_DriverIRQHandler)
    LPUART3_DriverIRQHandler                 0x800034ad   Thumb Code    16  fsl_lpuart.o(i.LPUART3_DriverIRQHandler)
    LPUART4_DriverIRQHandler                 0x800034c9   Thumb Code    16  fsl_lpuart.o(i.LPUART4_DriverIRQHandler)
    LPUART5_DriverIRQHandler                 0x800034e5   Thumb Code    16  fsl_lpuart.o(i.LPUART5_DriverIRQHandler)
    LPUART6_DriverIRQHandler                 0x80003501   Thumb Code    16  fsl_lpuart.o(i.LPUART6_DriverIRQHandler)
    LPUART7_DriverIRQHandler                 0x8000351d   Thumb Code    16  fsl_lpuart.o(i.LPUART7_DriverIRQHandler)
    LPUART8_DriverIRQHandler                 0x80003539   Thumb Code    16  fsl_lpuart.o(i.LPUART8_DriverIRQHandler)
    LPUART_Deinit                            0x80003555   Thumb Code    78  fsl_lpuart.o(i.LPUART_Deinit)
    LPUART_DisableInterrupts                 0x800035ad   Thumb Code    44  fsl_lpuart.o(i.LPUART_DisableInterrupts)
    LPUART_EnableInterrupts                  0x800035d9   Thumb Code    44  fsl_lpuart.o(i.LPUART_EnableInterrupts)
    LPUART_GetDefaultConfig                  0x80003605   Thumb Code    66  fsl_lpuart.o(i.LPUART_GetDefaultConfig)
    LPUART_GetEnabledInterrupts              0x80003685   Thumb Code    28  fsl_lpuart.o(i.LPUART_GetEnabledInterrupts)
    LPUART_GetInstance                       0x800036a5   Thumb Code    48  fsl_lpuart.o(i.LPUART_GetInstance)
    LPUART_GetStatusFlags                    0x80003735   Thumb Code    16  fsl_lpuart.o(i.LPUART_GetStatusFlags)
    LPUART_Init                              0x80003745   Thumb Code   548  fsl_lpuart.o(i.LPUART_Init)
    LPUART_TransferCreateHandle              0x80003ad9   Thumb Code   156  fsl_lpuart.o(i.LPUART_TransferCreateHandle)
    LPUART_TransferGetRxRingBufferLength     0x80003bc1   Thumb Code    50  fsl_lpuart.o(i.LPUART_TransferGetRxRingBufferLength)
    LPUART_TransferHandleIRQ                 0x80003c31   Thumb Code   588  fsl_lpuart.o(i.LPUART_TransferHandleIRQ)
    LPUART_WriteBlocking                     0x80003f29   Thumb Code    54  fsl_lpuart.o(i.LPUART_WriteBlocking)
    MemManage_Handler                        0x80004005   Thumb Code     4  common.o(i.MemManage_Handler)
    NMI_Handler                              0x80004009   Thumb Code     4  common.o(i.NMI_Handler)
    PIT_IRQHandler                           0x8000402d   Thumb Code   100  isr.o(i.PIT_IRQHandler)
    PendSV_Handler                           0x80004095   Thumb Code     4  common.o(i.PendSV_Handler)
    RowinformationReset                      0x80004099   Thumb Code    12  image_process.o(i.RowinformationReset)
    SAI1_DriverIRQHandler                    0x800040a5   Thumb Code   132  fsl_sai.o(i.SAI1_DriverIRQHandler)
    SAI2_DriverIRQHandler                    0x80004139   Thumb Code   132  fsl_sai.o(i.SAI2_DriverIRQHandler)
    SAI3_RX_DriverIRQHandler                 0x800041cd   Thumb Code    36  fsl_sai.o(i.SAI3_RX_DriverIRQHandler)
    SAI3_TX_DriverIRQHandler                 0x80004241   Thumb Code    36  fsl_sai.o(i.SAI3_TX_DriverIRQHandler)
    SPDIF_DriverIRQHandler                   0x8000446d   Thumb Code    52  fsl_spdif.o(i.SPDIF_DriverIRQHandler)
    SVC_Handler                              0x800044b1   Thumb Code     4  common.o(i.SVC_Handler)
    SerialManager_Init                       0x800044b5   Thumb Code    90  serial_manager.o(i.SerialManager_Init)
    SerialManager_OpenReadHandle             0x8000452d   Thumb Code    68  serial_manager.o(i.SerialManager_OpenReadHandle)
    SerialManager_OpenWriteHandle            0x80004591   Thumb Code    62  serial_manager.o(i.SerialManager_OpenWriteHandle)
    SerialManager_WriteBlocking              0x800046ad   Thumb Code    20  serial_manager.o(i.SerialManager_WriteBlocking)
    Serial_UartInit                          0x800046c1   Thumb Code   102  serial_port_uart.o(i.Serial_UartInit)
    Serial_UartWrite                         0x8000474d   Thumb Code    74  serial_port_uart.o(i.Serial_UartWrite)
    StrFormatPrintf                          0x800047bd   Thumb Code  1588  fsl_str.o(i.StrFormatPrintf)
    SysTick_Handler                          0x80004df1   Thumb Code     4  common.o(i.SysTick_Handler)
    USDHC1_DriverIRQHandler                  0x80004df5   Thumb Code    18  fsl_usdhc.o(i.USDHC1_DriverIRQHandler)
    USDHC2_DriverIRQHandler                  0x80004e15   Thumb Code    18  fsl_usdhc.o(i.USDHC2_DriverIRQHandler)
    UsageFault_Handler                       0x80004e35   Thumb Code     4  common.o(i.UsageFault_Handler)
    __ARM_fpclassify                         0x80004e39   Thumb Code    48  fpclassify.o(i.__ARM_fpclassify)
    __aeabi_assert                           0x80004e69   Thumb Code    24  fsl_assert.o(i.__aeabi_assert)
    __hardfp_modf                            0x80004ead   Thumb Code   186  modf.o(i.__hardfp_modf)
    __hardfp_pow                             0x80004f71   Thumb Code  2140  pow.o(i.__hardfp_pow)
    __kernel_poly                            0x80005869   Thumb Code   112  poly.o(i.__kernel_poly)
    __mathlib_dbl_divzero                    0x800058d9   Thumb Code    14  dunder.o(i.__mathlib_dbl_divzero)
    __mathlib_dbl_infnan2                    0x800058f9   Thumb Code     6  dunder.o(i.__mathlib_dbl_infnan2)
    __mathlib_dbl_invalid                    0x80005901   Thumb Code    10  dunder.o(i.__mathlib_dbl_invalid)
    __mathlib_dbl_overflow                   0x80005919   Thumb Code    10  dunder.o(i.__mathlib_dbl_overflow)
    __mathlib_dbl_underflow                  0x80005931   Thumb Code    10  dunder.o(i.__mathlib_dbl_underflow)
    board_init                               0x80005949   Thumb Code    58  board.o(i.board_init)
    csi_add_empty_buffer                     0x8000598d   Thumb Code    18  zf_csi.o(i.csi_add_empty_buffer)
    csi_get_full_buffer                      0x800059a5   Thumb Code    26  zf_csi.o(i.csi_get_full_buffer)
    csi_init                                 0x800059c5   Thumb Code   296  zf_csi.o(i.csi_init)
    csi_iomuxc                               0x80005b29   Thumb Code   186  zf_csi.o(i.csi_iomuxc)
    csi_isr                                  0x80005be5   Thumb Code    76  seekfree_mt9v03x_csi.o(i.csi_isr)
    csi_mt9v03x_uart_callback                0x80005c49   Thumb Code    86  seekfree_mt9v03x_csi.o(i.csi_mt9v03x_uart_callback)
    csi_start                                0x80005cb5   Thumb Code    14  zf_csi.o(i.csi_start)
    dma_restart                              0x80005cc9   Thumb Code    20  zf_camera.o(i.dma_restart)
    edge_line_search                         0x80005ce5   Thumb Code   602  image_process.o(i.edge_line_search)
    fabs                                     0x80005f69   Thumb Code    24  fabs.o(i.fabs)
    fast_gpio_init                           0x80005f81   Thumb Code   250  zf_gpio.o(i.fast_gpio_init)
    fast_gpio_set                            0x80006085   Thumb Code    64  zf_gpio.o(i.fast_gpio_set)
    flexio_flag_clear                        0x800060c9   Thumb Code    12  zf_camera.o(i.flexio_flag_clear)
    get_config                               0x800060d9   Thumb Code    96  seekfree_mt9v03x.o(i.get_config)
    get_threshold                            0x80006141   Thumb Code   462  image_process.o(i.get_threshold)
    image_binaryzation                       0x80006315   Thumb Code   108  image_process.o(i.image_binaryzation)
    iomuxc_pinconf                           0x8000638d   Thumb Code 23748  zf_iomuxc.o(i.iomuxc_pinconf)
    ips200_address_set                       0x8000c069   Thumb Code    58  seekfree_ips200_parallel8.o(i.ips200_address_set)
    ips200_clear                             0x8000c0a3   Thumb Code    52  seekfree_ips200_parallel8.o(i.ips200_clear)
    ips200_displayimage032_zoom1             0x8000c0d9   Thumb Code   184  seekfree_ips200_parallel8.o(i.ips200_displayimage032_zoom1)
    ips200_drawpoint                         0x8000c1d5   Thumb Code    28  seekfree_ips200_parallel8.o(i.ips200_drawpoint)
    ips200_init                              0x8000c1f1   Thumb Code   610  seekfree_ips200_parallel8.o(i.ips200_init)
    ips200_w_data                            0x8000c455   Thumb Code    40  seekfree_ips200_parallel8.o(i.ips200_w_data)
    ips200_wr_data                           0x8000c481   Thumb Code    60  seekfree_ips200_parallel8.o(i.ips200_wr_data)
    ips200_wr_data16                         0x8000c4bd   Thumb Code    82  seekfree_ips200_parallel8.o(i.ips200_wr_data16)
    ips200_wr_reg                            0x8000c50f   Thumb Code    60  seekfree_ips200_parallel8.o(i.ips200_wr_reg)
    main                                     0x8000c54d   Thumb Code   104  main.o(i.main)
    mt9v03x_csi_init                         0x8000c5c1   Thumb Code   166  seekfree_mt9v03x_csi.o(i.mt9v03x_csi_init)
    mt9v03x_vsync                            0x8000c699   Thumb Code    24  seekfree_mt9v03x.o(i.mt9v03x_vsync)
    pic_display                              0x8000c6b9   Thumb Code    80  image_process.o(i.pic_display)
    set_config                               0x8000c715   Thumb Code   110  seekfree_mt9v03x.o(i.set_config)
    sqrt                                     0x8000c78d   Thumb Code   106  sqrt.o(i.sqrt)
    systick_delay                            0x8000c7f9   Thumb Code    68  zf_systick.o(i.systick_delay)
    systick_delay_ms                         0x8000c88d   Thumb Code    36  zf_systick.o(i.systick_delay_ms)
    uart_init                                0x8000c8b1   Thumb Code    92  zf_uart.o(i.uart_init)
    uart_iomuxc                              0x8000c911   Thumb Code   674  zf_uart.o(i.uart_iomuxc)
    uart_putbuff                             0x8000cbe9   Thumb Code    24  zf_uart.o(i.uart_putbuff)
    uart_rx_irq                              0x8000cc05   Thumb Code    40  zf_uart.o(i.uart_rx_irq)
    uart_set_handle                          0x8000cc31   Thumb Code    54  zf_uart.o(i.uart_set_handle)
    __fpl_dcheck_NaN1                        0x8000cc6d   Thumb Code    10  dcheck1.o(x$fpl$dcheck1)
    __aeabi_l2d                              0x8000cc7d   Thumb Code     0  dfltll_clz.o(x$fpl$dfltll)
    _ll_sto_d                                0x8000cc7d   Thumb Code   162  dfltll_clz.o(x$fpl$dfltll)
    __fpl_dnaninf                            0x8000cd1f   Thumb Code   156  dnaninf.o(x$fpl$dnaninf)
    _fp_init                                 0x8000cdbb   Thumb Code    10  fpinit.o(x$fpl$fpinit)
    __fplib_config_fpu_vfp                   0x8000cdc3   Thumb Code     0  fpinit.o(x$fpl$fpinit)
    __fplib_config_pureend_doubles           0x8000cdc3   Thumb Code     0  fpinit.o(x$fpl$fpinit)
    __aeabi_d2lz                             0x8000cdc5   Thumb Code     0  dfixll.o(x$fpl$llsfromd)
    _ll_sfrom_d                              0x8000cdc5   Thumb Code   194  dfixll.o(x$fpl$llsfromd)
    __fpl_return_NaN                         0x8000ce87   Thumb Code   100  retnan.o(x$fpl$retnan)
    __ARM_scalbn                             0x8000ceeb   Thumb Code    92  scalbn.o(x$fpl$scalbn)
    __fpl_cmpreturn                          0x8000cf47   Thumb Code    48  trapv.o(x$fpl$trapveneer)
    __I$use$fp                               0x8000cf76   Number         0  usenofp.o(x$fpl$usenofp)
    armPllConfig_BOARD_BootClockRUN          0x8000cf78   Data           8  clock_config.o(.constdata)
    sysPllConfig_BOARD_BootClockRUN          0x8000cf80   Data          20  clock_config.o(.constdata)
    usb1PllConfig_BOARD_BootClockRUN         0x8000cf94   Data           2  clock_config.o(.constdata)
    s_enetClock                              0x8000cfd4   Data           6  fsl_enet.o(.constdata)
    __mathlib_zero                           0x8000d0f0   Data           8  qnan.o(.constdata)



==============================================================================

Memory Map of the image

  Image Entry point : 0x70002401

  Load Region LR_m_rom_config (Base: 0x70000000, Size: 0x00000200, Max: 0x00001000, ABSOLUTE)

    Execution Region RW_m_config_text (Exec base: 0x70000000, Load base: 0x70000000, Size: 0x00000200, Max: 0x00001000, ABSOLUTE)

    Exec Addr    Load Addr    Size         Type   Attr      Idx    E Section Name        Object

    0x70000000   0x70000000   0x00000200   Data   RO        12420    .boot_hdr.conf      evkmimxrt1064_flexspi_nor_config.o



  Load Region LR_m_rom_ivt (Base: 0x70001000, Size: 0x00000460, Max: 0x00001000, ABSOLUTE)

    Execution Region RW_m_ivt_text (Exec base: 0x70001000, Load base: 0x70001000, Size: 0x00000460, Max: 0x00001000, ABSOLUTE)

    Exec Addr    Load Addr    Size         Type   Attr      Idx    E Section Name        Object

    0x70001000   0x70001000   0x00000020   Data   RO        12457    .boot_hdr.ivt       fsl_flexspi_nor_boot.o
    0x70001020   0x70001020   0x00000010   Data   RO        12456    .boot_hdr.boot_data  fsl_flexspi_nor_boot.o
    0x70001030   0x70001030   0x00000430   Data   RO        12441    .boot_hdr.dcd_data  evkmimxrt1064_sdram_ini_dcd.o



  Load Region LR_m_text (Base: 0x70002000, Size: 0x0000d7a4, Max: 0x703ffc00, ABSOLUTE)

    Execution Region ITCM_ncache (Exec base: 0x00000000, Load base: 0x7000f7a4, Size: 0x00000000, Max: 0x00010000, ABSOLUTE)

    **** No section assigned to this execution region ****


    Execution Region RW_m_data (Exec base: 0x20000000, Load base: 0x7000f70c, Size: 0x0001857c, Max: 0x0006ec00, ABSOLUTE)

    Exec Addr    Load Addr    Size         Type   Attr      Idx    E Section Name        Object

    0x20000000   0x7000f70c   0x00000004   Data   RW          619    .data               system_mimxrt1064.o
    0x20000004   0x7000f710   0x00000028   Data   RW         9047    .data               zf_gpio.o
    0x2000002c   0x7000f738   0x00000024   Data   RW        10015    .data               zf_uart.o
    0x20000050   0x7000f75c   0x00000044   Data   RW        11315    .data               seekfree_mt9v03x_csi.o
    0x20000094   0x7000f7a0   0x00000004   Data   RW        12488    .data               image_process.o
    0x20000098        -       0x00000008   Zero   RW         1128    .bss                fsl_clock.o
    0x200000a0        -       0x00000008   Zero   RW         1505    .bss                fsl_csi.o
    0x200000a8        -       0x00000081   Zero   RW         2140    .bss                fsl_edma.o
    0x20000129   0x7000f7a4   0x00000003   PAD
    0x2000012c        -       0x00000018   Zero   RW         2898    .bss                fsl_enet.o
    0x20000144        -       0x00000014   Zero   RW         3213    .bss                fsl_flexcan.o
    0x20000158        -       0x00000018   Zero   RW         3533    .bss                fsl_flexio.o
    0x20000170        -       0x00000030   Zero   RW         5287    .bss                fsl_lpi2c.o
    0x200001a0        -       0x00000021   Zero   RW         5677    .bss                fsl_lpspi.o
    0x200001c1   0x7000f7a4   0x00000003   PAD
    0x200001c4        -       0x00000028   Zero   RW         6110    .bss                fsl_lpuart.o
    0x200001ec        -       0x00000028   Zero   RW         6928    .bss                fsl_sai.o
    0x20000214        -       0x00000010   Zero   RW         7781    .bss                fsl_spdif.o
    0x20000224        -       0x00000010   Zero   RW         8318    .bss                fsl_usdhc.o
    0x20000234        -       0x00000054   Zero   RW         8802    .bss                zf_camera.o
    0x20000288        -       0x00000020   Zero   RW         8888    .bss                zf_csi.o
    0x200002a8        -       0x00005861   Zero   RW        11217    .bss                seekfree_mt9v03x.o
    0x20005b09   0x7000f7a4   0x00000037   PAD
    0x20005b40        -       0x0000b0a1   Zero   RW        11314    .bss                seekfree_mt9v03x_csi.o
    0x20010be1   0x7000f7a4   0x00000003   PAD
    0x20010be4        -       0x0000002c   Zero   RW        12270    .bss                fsl_debug_console.o
    0x20010c10        -       0x0000790a   Zero   RW        12487    .bss                image_process.o
    0x2001851a   0x7000f7a4   0x00000002   PAD
    0x2001851c        -       0x00000060   Zero   RW        12824    .bss                c_w.l(libspace.o)


    Execution Region ARM_LIB_HEAP (Exec base: 0x2001857c, Load base: 0x7000f7a4, Size: 0x00000400, Max: 0x00000400, ABSOLUTE)

    Exec Addr    Load Addr    Size         Type   Attr      Idx    E Section Name        Object

    0x2001857c        -       0x00000400   Zero   RW            2    ARM_LIB_HEAP.bss    anon$$obj.o


    Execution Region ARM_LIB_STACK (Exec base: 0x2006f000, Load base: 0x7000f7a4, Size: 0x00001000, Max: 0x00001000, ABSOLUTE)

    Exec Addr    Load Addr    Size         Type   Attr      Idx    E Section Name        Object

    0x2006f000        -       0x00001000   Zero   RW            3    ARM_LIB_STACK.bss   anon$$obj.o


    Execution Region OCRAM_cache (Exec base: 0x20200000, Load base: 0x7000f7a4, Size: 0x00000000, Max: 0x00080000, ABSOLUTE)

    **** No section assigned to this execution region ****


    Execution Region VECTOR_ROM (Exec base: 0x70002000, Load base: 0x70002000, Size: 0x00000400, Max: 0x00000400, ABSOLUTE)

    Exec Addr    Load Addr    Size         Type   Attr      Idx    E Section Name        Object

    0x70002000   0x70002000   0x00000400   Data   RO        11913    RESET               startup_mimxrt1064.o


    Execution Region ER_m_text (Exec base: 0x70002400, Load base: 0x70002400, Size: 0x000004e4, Max: 0x003fdc00, ABSOLUTE)

    Exec Addr    Load Addr    Size         Type   Attr      Idx    E Section Name        Object

    0x70002400   0x70002400   0x00000008   Code   RO        12647  * !!!main             c_w.l(__main.o)
    0x70002408   0x70002408   0x00000034   Code   RO        13077    !!!scatter          c_w.l(__scatter.o)
    0x7000243c   0x7000243c   0x0000001a   Code   RO        13079    !!handler_copy      c_w.l(__scatter_copy.o)
    0x70002456   0x70002456   0x00000002   PAD
    0x70002458   0x70002458   0x0000001c   Code   RO        13081    !!handler_zi        c_w.l(__scatter_zi.o)
    0x70002474   0x70002474   0x00000224   Code   RO        11914    .text               startup_mimxrt1064.o
    0x70002698   0x70002698   0x0000000a   Ven    RO        13083    Veneer$$Code        anon$$obj.o
    0x700026a2   0x700026a2   0x00000002   PAD
    0x700026a4   0x700026a4   0x0000009c   Code   RO          614    i.SCB_EnableDCache  system_mimxrt1064.o
    0x70002740   0x70002740   0x0000007c   Code   RO          615    i.SCB_EnableICache  system_mimxrt1064.o
    0x700027bc   0x700027bc   0x000000f4   Code   RO          617    i.SystemInit        system_mimxrt1064.o
    0x700028b0   0x700028b0   0x00000002   Code   RO          618    i.SystemInitHook    system_mimxrt1064.o
    0x700028b2   0x700028b2   0x00000002   PAD
    0x700028b4   0x700028b4   0x00000030   Data   RO        13075    Region$$Table       anon$$obj.o


    Execution Region VECTOR_RAM (Exec base: 0x80000000, Load base: 0x700028e4, Size: 0x00000400, Max: 0x00000400, ABSOLUTE)

    Exec Addr    Load Addr    Size         Type   Attr      Idx    E Section Name        Object

    0x80000000        -       0x00000400   Zero   RW            1    VECTOR_RAM.bss      anon$$obj.o


    Execution Region ER_m_ram_text (Exec base: 0x80000400, Load base: 0x700028e4, Size: 0x0000ce28, Max: 0x01dfdc00, ABSOLUTE)

    Exec Addr    Load Addr    Size         Type   Attr      Idx    E Section Name        Object

    0x80000400   0x700028e4   0x00000002   Code   RO        12957    .ARM.Collect$$libinit$$00000000  c_w.l(libinit.o)
    0x80000402   0x700028e6   0x00000004   Code   RO        12734    .ARM.Collect$$libinit$$00000001  c_w.l(libinit2.o)
    0x80000406   0x700028ea   0x00000000   Code   RO        12737    .ARM.Collect$$libinit$$00000004  c_w.l(libinit2.o)
    0x80000406   0x700028ea   0x00000000   Code   RO        12740    .ARM.Collect$$libinit$$0000000A  c_w.l(libinit2.o)
    0x80000406   0x700028ea   0x00000000   Code   RO        12742    .ARM.Collect$$libinit$$0000000C  c_w.l(libinit2.o)
    0x80000406   0x700028ea   0x00000000   Code   RO        12744    .ARM.Collect$$libinit$$0000000E  c_w.l(libinit2.o)
    0x80000406   0x700028ea   0x00000000   Code   RO        12747    .ARM.Collect$$libinit$$00000011  c_w.l(libinit2.o)
    0x80000406   0x700028ea   0x00000000   Code   RO        12749    .ARM.Collect$$libinit$$00000013  c_w.l(libinit2.o)
    0x80000406   0x700028ea   0x00000000   Code   RO        12751    .ARM.Collect$$libinit$$00000015  c_w.l(libinit2.o)
    0x80000406   0x700028ea   0x00000000   Code   RO        12753    .ARM.Collect$$libinit$$00000017  c_w.l(libinit2.o)
    0x80000406   0x700028ea   0x00000000   Code   RO        12755    .ARM.Collect$$libinit$$00000019  c_w.l(libinit2.o)
    0x80000406   0x700028ea   0x00000000   Code   RO        12757    .ARM.Collect$$libinit$$0000001B  c_w.l(libinit2.o)
    0x80000406   0x700028ea   0x00000000   Code   RO        12759    .ARM.Collect$$libinit$$0000001D  c_w.l(libinit2.o)
    0x80000406   0x700028ea   0x00000000   Code   RO        12761    .ARM.Collect$$libinit$$0000001F  c_w.l(libinit2.o)
    0x80000406   0x700028ea   0x00000000   Code   RO        12763    .ARM.Collect$$libinit$$00000021  c_w.l(libinit2.o)
    0x80000406   0x700028ea   0x00000000   Code   RO        12765    .ARM.Collect$$libinit$$00000023  c_w.l(libinit2.o)
    0x80000406   0x700028ea   0x00000000   Code   RO        12767    .ARM.Collect$$libinit$$00000025  c_w.l(libinit2.o)
    0x80000406   0x700028ea   0x00000000   Code   RO        12771    .ARM.Collect$$libinit$$0000002C  c_w.l(libinit2.o)
    0x80000406   0x700028ea   0x00000000   Code   RO        12773    .ARM.Collect$$libinit$$0000002E  c_w.l(libinit2.o)
    0x80000406   0x700028ea   0x00000000   Code   RO        12775    .ARM.Collect$$libinit$$00000030  c_w.l(libinit2.o)
    0x80000406   0x700028ea   0x00000000   Code   RO        12777    .ARM.Collect$$libinit$$00000032  c_w.l(libinit2.o)
    0x80000406   0x700028ea   0x00000002   Code   RO        12778    .ARM.Collect$$libinit$$00000033  c_w.l(libinit2.o)
    0x80000408   0x700028ec   0x00000002   Code   RO        13058    .ARM.Collect$$libshutdown$$00000000  c_w.l(libshutdown.o)
    0x8000040a   0x700028ee   0x00000000   Code   RO        12984    .ARM.Collect$$libshutdown$$00000002  c_w.l(libshutdown2.o)
    0x8000040a   0x700028ee   0x00000000   Code   RO        12986    .ARM.Collect$$libshutdown$$00000004  c_w.l(libshutdown2.o)
    0x8000040a   0x700028ee   0x00000000   Code   RO        12989    .ARM.Collect$$libshutdown$$00000007  c_w.l(libshutdown2.o)
    0x8000040a   0x700028ee   0x00000000   Code   RO        12992    .ARM.Collect$$libshutdown$$0000000A  c_w.l(libshutdown2.o)
    0x8000040a   0x700028ee   0x00000000   Code   RO        12994    .ARM.Collect$$libshutdown$$0000000C  c_w.l(libshutdown2.o)
    0x8000040a   0x700028ee   0x00000000   Code   RO        12997    .ARM.Collect$$libshutdown$$0000000F  c_w.l(libshutdown2.o)
    0x8000040a   0x700028ee   0x00000002   Code   RO        12998    .ARM.Collect$$libshutdown$$00000010  c_w.l(libshutdown2.o)
    0x8000040c   0x700028f0   0x00000000   Code   RO        12687    .ARM.Collect$$rtentry$$00000000  c_w.l(__rtentry.o)
    0x8000040c   0x700028f0   0x00000000   Code   RO        12827    .ARM.Collect$$rtentry$$00000002  c_w.l(__rtentry2.o)
    0x8000040c   0x700028f0   0x00000004   Code   RO        12841    .ARM.Collect$$rtentry$$00000007  c_w.l(__rtentry7.o)
    0x80000410   0x700028f4   0x00000000   Code   RO        12829    .ARM.Collect$$rtentry$$00000009  c_w.l(__rtentry2.o)
    0x80000410   0x700028f4   0x00000004   Code   RO        12830    .ARM.Collect$$rtentry$$0000000A  c_w.l(__rtentry2.o)
    0x80000414   0x700028f8   0x00000000   Code   RO        12832    .ARM.Collect$$rtentry$$0000000C  c_w.l(__rtentry2.o)
    0x80000414   0x700028f8   0x00000008   Code   RO        12833    .ARM.Collect$$rtentry$$0000000D  c_w.l(__rtentry2.o)
    0x8000041c   0x70002900   0x00000004   Code   RO        12842    .ARM.Collect$$rtentry$$00002718  c_w.l(__rtentry7.o)
    0x80000420   0x70002904   0x00000002   Code   RO        12964    .ARM.Collect$$rtexit$$00000000  c_w.l(rtexit.o)
    0x80000422   0x70002906   0x00000000   Code   RO        13022    .ARM.Collect$$rtexit$$00000002  c_w.l(rtexit2.o)
    0x80000422   0x70002906   0x00000004   Code   RO        13023    .ARM.Collect$$rtexit$$00000003  c_w.l(rtexit2.o)
    0x80000426   0x7000290a   0x00000006   Code   RO        13024    .ARM.Collect$$rtexit$$00000004  c_w.l(rtexit2.o)
    0x8000042c   0x70002910   0x000000ee   Code   RO        12598    .text               c_w.l(lludivv7m.o)
    0x8000051a   0x700029fe   0x00000048   Code   RO        12602    .text               c_w.l(llsdiv.o)
    0x80000562   0x70002a46   0x0000003e   Code   RO        12635    .text               c_w.l(strlen.o)
    0x800005a0   0x70002a84   0x0000004e   Code   RO        12645    .text               c_w.l(rt_memclr_w.o)
    0x800005ee   0x70002ad2   0x00000016   Code   RO        12717    .text               c_w.l(_rserrno.o)
    0x80000604   0x70002ae8   0x00000008   Code   RO        12856    .text               c_w.l(rt_errno_addr_intlibspace.o)
    0x8000060c   0x70002af0   0x00000002   Code   RO        12923    .text               c_w.l(use_no_semi.o)
    0x8000060e   0x70002af2   0x00000000   Code   RO        12925    .text               c_w.l(indicate_semi.o)
    0x8000060e   0x70002af2   0x00000012   Code   RO        12936    .text               c_w.l(exit.o)
    0x80000620   0x70002b04   0x0000000c   Code   RO        12960    .text               c_w.l(sys_exit.o)
    0x8000062c   0x70002b10   0x00000574   Code   RO          181    i.BOARD_BootClockRUN  clock_config.o
    0x80000ba0   0x70003084   0x000001c8   Code   RO            7    i.BOARD_ConfigMPU   board.o
    0x80000d68   0x7000324c   0x00000078   Code   RO            8    i.BOARD_DebugConsoleSrcFreq  board.o
    0x80000de0   0x700032c4   0x00000018   Code   RO            9    i.BOARD_InitDebugConsole  board.o
    0x80000df8   0x700032dc   0x00000004   Code   RO        10106    i.BusFault_Handler  common.o
    0x80000dfc   0x700032e0   0x00000078   Code   RO         3154    i.CAN1_DriverIRQHandler  fsl_flexcan.o
    0x80000e74   0x70003358   0x00000078   Code   RO         3155    i.CAN2_DriverIRQHandler  fsl_flexcan.o
    0x80000eec   0x700033d0   0x00000078   Code   RO         3156    i.CAN3_DriverIRQHandler  fsl_flexcan.o
    0x80000f64   0x70003448   0x00000080   Code   RO         1480    i.CLOCK_ControlGate  fsl_csi.o
    0x80000fe4   0x700034c8   0x00000080   Code   RO         6074    i.CLOCK_ControlGate  fsl_lpuart.o
    0x80001064   0x70003548   0x00000010   Code   RO         1090    i.CLOCK_DeinitAudioPll  fsl_clock.o
    0x80001074   0x70003558   0x00000010   Code   RO         1091    i.CLOCK_DeinitEnetPll  fsl_clock.o
    0x80001084   0x70003568   0x0000000c   Code   RO         1098    i.CLOCK_DeinitUsb2Pll  fsl_clock.o
    0x80001090   0x70003574   0x00000010   Code   RO         1099    i.CLOCK_DeinitVideoPll  fsl_clock.o
    0x800010a0   0x70003584   0x00000088   Code   RO          183    i.CLOCK_DisableClock  clock_config.o
    0x80001128   0x7000360c   0x00000088   Code   RO         9222    i.CLOCK_EnableClock  zf_iomuxc.o
    0x800011b0   0x70003694   0x0000001c   Code   RO         1106    i.CLOCK_GetAhbFreq  fsl_clock.o
    0x800011cc   0x700036b0   0x00000020   Code   RO           12    i.CLOCK_GetDiv      board.o
    0x800011ec   0x700036d0   0x0000012c   Code   RO         1107    i.CLOCK_GetFreq     fsl_clock.o
    0x80001318   0x700037fc   0x0000001c   Code   RO         1108    i.CLOCK_GetIpgFreq  fsl_clock.o
    0x80001334   0x70003818   0x00000020   Code   RO         1109    i.CLOCK_GetOscFreq  fsl_clock.o
    0x80001354   0x70003838   0x00000034   Code   RO         1110    i.CLOCK_GetPerClkFreq  fsl_clock.o
    0x80001388   0x7000386c   0x000000c8   Code   RO         1111    i.CLOCK_GetPeriphClkFreq  fsl_clock.o
    0x80001450   0x70003934   0x0000028c   Code   RO         1112    i.CLOCK_GetPllFreq  fsl_clock.o
    0x800016dc   0x70003bc0   0x00000048   Code   RO         1113    i.CLOCK_GetSemcFreq  fsl_clock.o
    0x80001724   0x70003c08   0x0000006c   Code   RO         1114    i.CLOCK_GetSysPfdFreq  fsl_clock.o
    0x80001790   0x70003c74   0x0000006c   Code   RO         1115    i.CLOCK_GetUsb1PfdFreq  fsl_clock.o
    0x800017fc   0x70003ce0   0x00000058   Code   RO         1116    i.CLOCK_InitArmPll  fsl_clock.o
    0x80001854   0x70003d38   0x00000098   Code   RO         1119    i.CLOCK_InitExternalClk  fsl_clock.o
    0x800018ec   0x70003dd0   0x00000018   Code   RO         1120    i.CLOCK_InitRcOsc24M  fsl_clock.o
    0x80001904   0x70003de8   0x000000bc   Code   RO          184    i.CLOCK_SetDiv      clock_config.o
    0x800019c0   0x70003ea4   0x00000070   Code   RO         8880    i.CLOCK_SetDiv      zf_csi.o
    0x80001a30   0x70003f14   0x000000bc   Code   RO          185    i.CLOCK_SetMux      clock_config.o
    0x80001aec   0x70003fd0   0x000000bc   Code   RO         8881    i.CLOCK_SetMux      zf_csi.o
    0x80001ba8   0x7000408c   0x00000020   Code   RO          186    i.CLOCK_SetPllBypass  clock_config.o
    0x80001bc8   0x700040ac   0x00000018   Code   RO         1127    i.CLOCK_SwitchOsc   fsl_clock.o
    0x80001be0   0x700040c4   0x00000038   Code   RO         1481    i.CSI_ClearFifo     fsl_csi.o
    0x80001c18   0x700040fc   0x0000001c   Code   RO         1484    i.CSI_DriverIRQHandler  fsl_csi.o
    0x80001c34   0x70004118   0x0000002c   Code   RO         1485    i.CSI_EnableFifoDmaRequest  fsl_csi.o
    0x80001c60   0x70004144   0x00000020   Code   RO         1486    i.CSI_EnableInterrupts  fsl_csi.o
    0x80001c80   0x70004164   0x00000080   Code   RO         1487    i.CSI_GetDefaultConfig  fsl_csi.o
    0x80001d00   0x700041e4   0x00000088   Code   RO         1488    i.CSI_GetInstance   fsl_csi.o
    0x80001d88   0x7000426c   0x00000018   Code   RO        11921    i.CSI_IRQHandler    isr.o
    0x80001da0   0x70004284   0x0000012c   Code   RO         1489    i.CSI_Init          fsl_csi.o
    0x80001ecc   0x700043b0   0x0000002a   Code   RO         1490    i.CSI_ReflashFifoDma  fsl_csi.o
    0x80001ef6   0x700043da   0x00000002   PAD
    0x80001ef8   0x700043dc   0x00000054   Code   RO         1491    i.CSI_Reset         fsl_csi.o
    0x80001f4c   0x70004430   0x0000000a   Code   RO         1492    i.CSI_SetRxBufferAddr  fsl_csi.o
    0x80001f56   0x7000443a   0x00000018   Code   RO         1493    i.CSI_Start         fsl_csi.o
    0x80001f6e   0x70004452   0x00000018   Code   RO         1494    i.CSI_Stop          fsl_csi.o
    0x80001f86   0x7000446a   0x00000002   PAD
    0x80001f88   0x7000446c   0x000000b8   Code   RO         1495    i.CSI_TransferCreateHandle  fsl_csi.o
    0x80002040   0x70004524   0x00000010   Code   RO         1496    i.CSI_TransferGetEmptyBufferCount  fsl_csi.o
    0x80002050   0x70004534   0x00000038   Code   RO         1497    i.CSI_TransferGetFullBuffer  fsl_csi.o
    0x80002088   0x7000456c   0x00000010   Code   RO         1498    i.CSI_TransferGetQueueDelta  fsl_csi.o
    0x80002098   0x7000457c   0x000000a4   Code   RO         1499    i.CSI_TransferHandleIRQ  fsl_csi.o
    0x8000213c   0x70004620   0x0000000c   Code   RO         1500    i.CSI_TransferIncreaseQueueIdx  fsl_csi.o
    0x80002148   0x7000462c   0x0000002c   Code   RO         1501    i.CSI_TransferLoadBufferToDevice  fsl_csi.o
    0x80002174   0x70004658   0x000000a8   Code   RO         1502    i.CSI_TransferStart  fsl_csi.o
    0x8000221c   0x70004700   0x00000074   Code   RO         1504    i.CSI_TransferSubmitEmptyBuffer  fsl_csi.o
    0x80002290   0x70004774   0x000001b2   Code   RO        12375    i.ConvertFloatRadixNumToString  fsl_str.o
    0x80002442   0x70004926   0x00000150   Code   RO        12376    i.ConvertRadixNumToString  fsl_str.o
    0x80002592   0x70004a76   0x00000002   PAD
    0x80002594   0x70004a78   0x00000038   Code   RO         2057    i.DMA0_DMA16_DriverIRQHandler  fsl_edma.o
    0x800025cc   0x70004ab0   0x00000038   Code   RO         2059    i.DMA10_DMA26_DriverIRQHandler  fsl_edma.o
    0x80002604   0x70004ae8   0x00000038   Code   RO         2061    i.DMA11_DMA27_DriverIRQHandler  fsl_edma.o
    0x8000263c   0x70004b20   0x00000038   Code   RO         2063    i.DMA12_DMA28_DriverIRQHandler  fsl_edma.o
    0x80002674   0x70004b58   0x00000038   Code   RO         2065    i.DMA13_DMA29_DriverIRQHandler  fsl_edma.o
    0x800026ac   0x70004b90   0x00000038   Code   RO         2067    i.DMA14_DMA30_DriverIRQHandler  fsl_edma.o
    0x800026e4   0x70004bc8   0x00000038   Code   RO         2069    i.DMA15_DMA31_DriverIRQHandler  fsl_edma.o
    0x8000271c   0x70004c00   0x00000038   Code   RO         2075    i.DMA1_DMA17_DriverIRQHandler  fsl_edma.o
    0x80002754   0x70004c38   0x00000038   Code   RO         2087    i.DMA2_DMA18_DriverIRQHandler  fsl_edma.o
    0x8000278c   0x70004c70   0x00000038   Code   RO         2091    i.DMA3_DMA19_DriverIRQHandler  fsl_edma.o
    0x800027c4   0x70004ca8   0x00000038   Code   RO         2093    i.DMA4_DMA20_DriverIRQHandler  fsl_edma.o
    0x800027fc   0x70004ce0   0x00000038   Code   RO         2095    i.DMA5_DMA21_DriverIRQHandler  fsl_edma.o
    0x80002834   0x70004d18   0x00000038   Code   RO         2097    i.DMA6_DMA22_DriverIRQHandler  fsl_edma.o
    0x8000286c   0x70004d50   0x00000038   Code   RO         2099    i.DMA7_DMA23_DriverIRQHandler  fsl_edma.o
    0x800028a4   0x70004d88   0x00000038   Code   RO         2101    i.DMA8_DMA24_DriverIRQHandler  fsl_edma.o
    0x800028dc   0x70004dc0   0x00000038   Code   RO         2103    i.DMA9_DMA25_DriverIRQHandler  fsl_edma.o
    0x80002914   0x70004df8   0x000000f0   Code   RO        12259    i.DbgConsole_Init   fsl_debug_console.o
    0x80002a04   0x70004ee8   0x0000003e   Code   RO        12260    i.DbgConsole_PrintCallback  fsl_debug_console.o
    0x80002a42   0x70004f26   0x00000002   PAD
    0x80002a44   0x70004f28   0x00000040   Code   RO        12261    i.DbgConsole_Printf  fsl_debug_console.o
    0x80002a84   0x70004f68   0x00000064   Code   RO        12267    i.DbgConsole_SendData  fsl_debug_console.o
    0x80002ae8   0x70004fcc   0x00000004   Code   RO        10107    i.DebugMon_Handler  common.o
    0x80002aec   0x70004fd0   0x000000a4   Code   RO         2112    i.EDMA_GetChannelStatusFlags  fsl_edma.o
    0x80002b90   0x70005074   0x00000114   Code   RO         2116    i.EDMA_HandleIRQ    fsl_edma.o
    0x80002ca4   0x70005188   0x00000010   Code   RO         2862    i.ENET2_DriverIRQHandler  fsl_enet.o
    0x80002cb4   0x70005198   0x0000001c   Code   RO         2863    i.ENET_1588_Timer_IRQHandler  fsl_enet.o
    0x80002cd0   0x700051b4   0x00000078   Code   RO         2866    i.ENET_CommonFrame0IRQHandler  fsl_enet.o
    0x80002d48   0x7000522c   0x00000010   Code   RO         2868    i.ENET_DriverIRQHandler  fsl_enet.o
    0x80002d58   0x7000523c   0x0000008c   Code   RO         2872    i.ENET_GetInstance  fsl_enet.o
    0x80002de4   0x700052c8   0x00000008   Code   RO         3517    i.FLEXIO1_DriverIRQHandler  fsl_flexio.o
    0x80002dec   0x700052d0   0x00000008   Code   RO         3518    i.FLEXIO2_DriverIRQHandler  fsl_flexio.o
    0x80002df4   0x700052d8   0x00000008   Code   RO         3519    i.FLEXIO3_DriverIRQHandler  fsl_flexio.o
    0x80002dfc   0x700052e0   0x0000003e   Code   RO         3648    i.FLEXIO_CAMERA_ClearStatusFlags  fsl_flexio_camera.o
    0x80002e3a   0x7000531e   0x00000004   Code   RO         3656    i.FLEXIO_ClearShifterErrorFlags  fsl_flexio_camera.o
    0x80002e3e   0x70005322   0x00000002   PAD
    0x80002e40   0x70005324   0x00000038   Code   RO         3520    i.FLEXIO_CommonIRQHandler  fsl_flexio.o
    0x80002e78   0x7000535c   0x00000008   Code   RO        11922    i.GPIO2_Combined_0_15_IRQHandler  isr.o
    0x80002e80   0x70005364   0x00000018   Code   RO        11923    i.GPIO2_Combined_16_31_IRQHandler  isr.o
    0x80002e98   0x7000537c   0x0000000a   Code   RO         9033    i.GPIO_ClearPinsOutput  zf_gpio.o
    0x80002ea2   0x70005386   0x0000008a   Code   RO         5079    i.GPIO_PinSetInterruptConfig  fsl_gpio.o
    0x80002f2c   0x70005410   0x00000070   Code   RO         5080    i.GPIO_PinWrite     fsl_gpio.o
    0x80002f9c   0x70005480   0x0000000a   Code   RO         9035    i.GPIO_SetPinsOutput  zf_gpio.o
    0x80002fa6   0x7000548a   0x0000000e   Code   RO          562    i.HAL_UartGetStatus  lpuart_adapter.o
    0x80002fb4   0x70005498   0x00000150   Code   RO          563    i.HAL_UartInit      lpuart_adapter.o
    0x80003104   0x700055e8   0x000000b0   Code   RO          565    i.HAL_UartSendBlocking  lpuart_adapter.o
    0x800031b4   0x70005698   0x00000004   Code   RO        10108    i.HardFault_Handler  common.o
    0x800031b8   0x7000569c   0x0000000c   Code   RO         9223    i.IOMUXC_SetPinConfig  zf_iomuxc.o
    0x800031c4   0x700056a8   0x0000001a   Code   RO         9224    i.IOMUXC_SetPinMux  zf_iomuxc.o
    0x800031de   0x700056c2   0x00000002   PAD
    0x800031e0   0x700056c4   0x00000010   Code   RO         5238    i.LPI2C1_DriverIRQHandler  fsl_lpi2c.o
    0x800031f0   0x700056d4   0x00000010   Code   RO         5239    i.LPI2C2_DriverIRQHandler  fsl_lpi2c.o
    0x80003200   0x700056e4   0x00000010   Code   RO         5240    i.LPI2C3_DriverIRQHandler  fsl_lpi2c.o
    0x80003210   0x700056f4   0x00000010   Code   RO         5241    i.LPI2C4_DriverIRQHandler  fsl_lpi2c.o
    0x80003220   0x70005704   0x00000054   Code   RO         5243    i.LPI2C_CommonIRQHandler  fsl_lpi2c.o
    0x80003274   0x70005758   0x00000074   Code   RO         5629    i.LPSPI1_DriverIRQHandler  fsl_lpspi.o
    0x800032e8   0x700057cc   0x00000074   Code   RO         5630    i.LPSPI2_DriverIRQHandler  fsl_lpspi.o
    0x8000335c   0x70005840   0x00000074   Code   RO         5631    i.LPSPI3_DriverIRQHandler  fsl_lpspi.o
    0x800033d0   0x700058b4   0x00000074   Code   RO         5632    i.LPSPI4_DriverIRQHandler  fsl_lpspi.o
    0x80003444   0x70005928   0x00000030   Code   RO         5636    i.LPSPI_CommonIRQHandler  fsl_lpspi.o
    0x80003474   0x70005958   0x0000001c   Code   RO         6075    i.LPUART1_DriverIRQHandler  fsl_lpuart.o
    0x80003490   0x70005974   0x0000001c   Code   RO         6076    i.LPUART2_DriverIRQHandler  fsl_lpuart.o
    0x800034ac   0x70005990   0x0000001c   Code   RO         6077    i.LPUART3_DriverIRQHandler  fsl_lpuart.o
    0x800034c8   0x700059ac   0x0000001c   Code   RO         6078    i.LPUART4_DriverIRQHandler  fsl_lpuart.o
    0x800034e4   0x700059c8   0x0000001c   Code   RO         6079    i.LPUART5_DriverIRQHandler  fsl_lpuart.o
    0x80003500   0x700059e4   0x0000001c   Code   RO         6080    i.LPUART6_DriverIRQHandler  fsl_lpuart.o
    0x8000351c   0x70005a00   0x0000001c   Code   RO         6081    i.LPUART7_DriverIRQHandler  fsl_lpuart.o
    0x80003538   0x70005a1c   0x0000001c   Code   RO         6082    i.LPUART8_DriverIRQHandler  fsl_lpuart.o
    0x80003554   0x70005a38   0x00000058   Code   RO         6084    i.LPUART_Deinit     fsl_lpuart.o
    0x800035ac   0x70005a90   0x0000002c   Code   RO         6085    i.LPUART_DisableInterrupts  fsl_lpuart.o
    0x800035d8   0x70005abc   0x0000002c   Code   RO         6086    i.LPUART_EnableInterrupts  fsl_lpuart.o
    0x80003604   0x70005ae8   0x00000080   Code   RO         6087    i.LPUART_GetDefaultConfig  fsl_lpuart.o
    0x80003684   0x70005b68   0x00000020   Code   RO         6088    i.LPUART_GetEnabledInterrupts  fsl_lpuart.o
    0x800036a4   0x70005b88   0x00000090   Code   RO         6089    i.LPUART_GetInstance  fsl_lpuart.o
    0x80003734   0x70005c18   0x00000010   Code   RO         6090    i.LPUART_GetStatusFlags  fsl_lpuart.o
    0x80003744   0x70005c28   0x00000300   Code   RO         6091    i.LPUART_Init       fsl_lpuart.o
    0x80003a44   0x70005f28   0x00000094   Code   RO         6093    i.LPUART_ReadNonBlocking  fsl_lpuart.o
    0x80003ad8   0x70005fbc   0x000000e8   Code   RO         6097    i.LPUART_TransferCreateHandle  fsl_lpuart.o
    0x80003bc0   0x700060a4   0x00000070   Code   RO         6099    i.LPUART_TransferGetRxRingBufferLength  fsl_lpuart.o
    0x80003c30   0x70006114   0x0000028c   Code   RO         6102    i.LPUART_TransferHandleIRQ  fsl_lpuart.o
    0x80003ebc   0x700063a0   0x0000006c   Code   RO         6103    i.LPUART_TransferIsRxRingBufferFull  fsl_lpuart.o
    0x80003f28   0x7000640c   0x00000074   Code   RO         6108    i.LPUART_WriteBlocking  fsl_lpuart.o
    0x80003f9c   0x70006480   0x00000068   Code   RO         6109    i.LPUART_WriteNonBlocking  fsl_lpuart.o
    0x80004004   0x700064e8   0x00000004   Code   RO        10109    i.MemManage_Handler  common.o
    0x80004008   0x700064ec   0x00000004   Code   RO        10110    i.NMI_Handler       common.o
    0x8000400c   0x700064f0   0x0000000c   Code   RO        11924    i.PIT_ClearStatusFlags  isr.o
    0x80004018   0x700064fc   0x00000012   Code   RO        11925    i.PIT_GetStatusFlags  isr.o
    0x8000402a   0x7000650e   0x00000002   PAD
    0x8000402c   0x70006510   0x00000068   Code   RO        11926    i.PIT_IRQHandler    isr.o
    0x80004094   0x70006578   0x00000004   Code   RO        10111    i.PendSV_Handler    common.o
    0x80004098   0x7000657c   0x0000000c   Code   RO        12482    i.RowinformationReset  image_process.o
    0x800040a4   0x70006588   0x00000094   Code   RO         6877    i.SAI1_DriverIRQHandler  fsl_sai.o
    0x80004138   0x7000661c   0x00000094   Code   RO         6878    i.SAI2_DriverIRQHandler  fsl_sai.o
    0x800041cc   0x700066b0   0x00000074   Code   RO         6880    i.SAI3_RX_DriverIRQHandler  fsl_sai.o
    0x80004240   0x70006724   0x00000074   Code   RO         6881    i.SAI3_TX_DriverIRQHandler  fsl_sai.o
    0x800042b4   0x70006798   0x000000a0   Code   RO           14    i.SCB_DisableDCache  board.o
    0x80004354   0x70006838   0x0000009c   Code   RO           15    i.SCB_EnableDCache  board.o
    0x800043f0   0x700068d4   0x0000007c   Code   RO           16    i.SCB_EnableICache  board.o
    0x8000446c   0x70006950   0x00000044   Code   RO         7757    i.SPDIF_DriverIRQHandler  fsl_spdif.o
    0x800044b0   0x70006994   0x00000004   Code   RO        10112    i.SVC_Handler       common.o
    0x800044b4   0x70006998   0x00000078   Code   RO          421    i.SerialManager_Init  serial_manager.o
    0x8000452c   0x70006a10   0x00000064   Code   RO          422    i.SerialManager_OpenReadHandle  serial_manager.o
    0x80004590   0x70006a74   0x00000060   Code   RO          423    i.SerialManager_OpenWriteHandle  serial_manager.o
    0x800045f0   0x70006ad4   0x00000032   Code   RO          427    i.SerialManager_StartWriting  serial_manager.o
    0x80004622   0x70006b06   0x00000002   PAD
    0x80004624   0x70006b08   0x00000088   Code   RO          428    i.SerialManager_Write  serial_manager.o
    0x800046ac   0x70006b90   0x00000014   Code   RO          429    i.SerialManager_WriteBlocking  serial_manager.o
    0x800046c0   0x70006ba4   0x0000008c   Code   RO          516    i.Serial_UartInit   serial_port_uart.o
    0x8000474c   0x70006c30   0x00000070   Code   RO          518    i.Serial_UartWrite  serial_port_uart.o
    0x800047bc   0x70006ca0   0x00000634   Code   RO        12378    i.StrFormatPrintf   fsl_str.o
    0x80004df0   0x700072d4   0x00000004   Code   RO        10113    i.SysTick_Handler   common.o
    0x80004df4   0x700072d8   0x00000020   Code   RO         8276    i.USDHC1_DriverIRQHandler  fsl_usdhc.o
    0x80004e14   0x700072f8   0x00000020   Code   RO         8277    i.USDHC2_DriverIRQHandler  fsl_usdhc.o
    0x80004e34   0x70007318   0x00000004   Code   RO        10114    i.UsageFault_Handler  common.o
    0x80004e38   0x7000731c   0x00000030   Code   RO        12804    i.__ARM_fpclassify  m_wv.l(fpclassify.o)
    0x80004e68   0x7000734c   0x00000044   Code   RO        12062    i.__aeabi_assert    fsl_assert.o
    0x80004eac   0x70007390   0x000000c0   Code   RO        12659    i.__hardfp_modf     m_wv.l(modf.o)
    0x80004f6c   0x70007450   0x00000004   PAD
    0x80004f70   0x70007454   0x000008f8   Code   RO        12665    i.__hardfp_pow      m_wv.l(pow.o)
    0x80005868   0x70007d4c   0x00000070   Code   RO        12806    i.__kernel_poly     m_wv.l(poly.o)
    0x800058d8   0x70007dbc   0x00000020   Code   RO        12784    i.__mathlib_dbl_divzero  m_wv.l(dunder.o)
    0x800058f8   0x70007ddc   0x00000006   Code   RO        12786    i.__mathlib_dbl_infnan2  m_wv.l(dunder.o)
    0x800058fe   0x70007de2   0x00000002   PAD
    0x80005900   0x70007de4   0x00000018   Code   RO        12787    i.__mathlib_dbl_invalid  m_wv.l(dunder.o)
    0x80005918   0x70007dfc   0x00000018   Code   RO        12788    i.__mathlib_dbl_overflow  m_wv.l(dunder.o)
    0x80005930   0x70007e14   0x00000018   Code   RO        12790    i.__mathlib_dbl_underflow  m_wv.l(dunder.o)
    0x80005948   0x70007e2c   0x00000044   Code   RO           17    i.board_init        board.o
    0x8000598c   0x70007e70   0x00000018   Code   RO         8882    i.csi_add_empty_buffer  zf_csi.o
    0x800059a4   0x70007e88   0x00000020   Code   RO         8883    i.csi_get_full_buffer  zf_csi.o
    0x800059c4   0x70007ea8   0x00000164   Code   RO         8884    i.csi_init          zf_csi.o
    0x80005b28   0x7000800c   0x000000ba   Code   RO         8885    i.csi_iomuxc        zf_csi.o
    0x80005be2   0x700080c6   0x00000002   PAD
    0x80005be4   0x700080c8   0x00000064   Code   RO        11310    i.csi_isr           seekfree_mt9v03x_csi.o
    0x80005c48   0x7000812c   0x0000006c   Code   RO        11311    i.csi_mt9v03x_uart_callback  seekfree_mt9v03x_csi.o
    0x80005cb4   0x70008198   0x00000014   Code   RO         8886    i.csi_start         zf_csi.o
    0x80005cc8   0x700081ac   0x0000001c   Code   RO         8795    i.dma_restart       zf_camera.o
    0x80005ce4   0x700081c8   0x00000284   Code   RO        12483    i.edge_line_search  image_process.o
    0x80005f68   0x7000844c   0x00000018   Code   RO        12800    i.fabs              m_wv.l(fabs.o)
    0x80005f80   0x70008464   0x00000104   Code   RO         9038    i.fast_gpio_init    zf_gpio.o
    0x80006084   0x70008568   0x00000044   Code   RO         9039    i.fast_gpio_set     zf_gpio.o
    0x800060c8   0x700085ac   0x00000010   Code   RO         8800    i.flexio_flag_clear  zf_camera.o
    0x800060d8   0x700085bc   0x00000068   Code   RO        11207    i.get_config        seekfree_mt9v03x.o
    0x80006140   0x70008624   0x000001d4   Code   RO        12484    i.get_threshold     image_process.o
    0x80006314   0x700087f8   0x00000078   Code   RO        12485    i.image_binaryzation  image_process.o
    0x8000638c   0x70008870   0x00005cdc   Code   RO         9225    i.iomuxc_pinconf    zf_iomuxc.o
    0x8000c068   0x7000e54c   0x0000003a   Code   RO        11725    i.ips200_address_set  seekfree_ips200_parallel8.o
    0x8000c0a2   0x7000e586   0x00000034   Code   RO        11726    i.ips200_clear      seekfree_ips200_parallel8.o
    0x8000c0d6   0x7000e5ba   0x00000002   PAD
    0x8000c0d8   0x7000e5bc   0x000000fc   Code   RO        11730    i.ips200_displayimage032_zoom1  seekfree_ips200_parallel8.o
    0x8000c1d4   0x7000e6b8   0x0000001c   Code   RO        11735    i.ips200_drawpoint  seekfree_ips200_parallel8.o
    0x8000c1f0   0x7000e6d4   0x00000262   Code   RO        11736    i.ips200_init       seekfree_ips200_parallel8.o
    0x8000c452   0x7000e936   0x00000002   PAD
    0x8000c454   0x7000e938   0x0000002c   Code   RO        11746    i.ips200_w_data     seekfree_ips200_parallel8.o
    0x8000c480   0x7000e964   0x0000003c   Code   RO        11748    i.ips200_wr_data    seekfree_ips200_parallel8.o
    0x8000c4bc   0x7000e9a0   0x00000052   Code   RO        11749    i.ips200_wr_data16  seekfree_ips200_parallel8.o
    0x8000c50e   0x7000e9f2   0x0000003c   Code   RO        11750    i.ips200_wr_reg     seekfree_ips200_parallel8.o
    0x8000c54a   0x7000ea2e   0x00000002   PAD
    0x8000c54c   0x7000ea30   0x00000074   Code   RO        12032    i.main              main.o
    0x8000c5c0   0x7000eaa4   0x000000d8   Code   RO        11313    i.mt9v03x_csi_init  seekfree_mt9v03x_csi.o
    0x8000c698   0x7000eb7c   0x00000020   Code   RO        11212    i.mt9v03x_vsync     seekfree_mt9v03x.o
    0x8000c6b8   0x7000eb9c   0x0000005c   Code   RO        12486    i.pic_display       image_process.o
    0x8000c714   0x7000ebf8   0x00000078   Code   RO        11214    i.set_config        seekfree_mt9v03x.o
    0x8000c78c   0x7000ec70   0x0000006a   Code   RO        12811    i.sqrt              m_wv.l(sqrt.o)
    0x8000c7f6   0x7000ecda   0x00000002   PAD
    0x8000c7f8   0x7000ecdc   0x00000094   Code   RO         9949    i.systick_delay     zf_systick.o
    0x8000c88c   0x7000ed70   0x00000024   Code   RO         9950    i.systick_delay_ms  zf_systick.o
    0x8000c8b0   0x7000ed94   0x00000060   Code   RO        10006    i.uart_init         zf_uart.o
    0x8000c910   0x7000edf4   0x000002d8   Code   RO        10007    i.uart_iomuxc       zf_uart.o
    0x8000cbe8   0x7000f0cc   0x0000001c   Code   RO        10008    i.uart_putbuff      zf_uart.o
    0x8000cc04   0x7000f0e8   0x0000002c   Code   RO        10012    i.uart_rx_irq       zf_uart.o
    0x8000cc30   0x7000f114   0x0000003c   Code   RO        10013    i.uart_set_handle   zf_uart.o
    0x8000cc6c   0x7000f150   0x00000010   Code   RO        12915    x$fpl$dcheck1       fz_wv.l(dcheck1.o)
    0x8000cc7c   0x7000f160   0x000000a2   Code   RO        12653    x$fpl$dfltll        fz_wv.l(dfltll_clz.o)
    0x8000cd1e   0x7000f202   0x0000009c   Code   RO        12779    x$fpl$dnaninf       fz_wv.l(dnaninf.o)
    0x8000cdba   0x7000f29e   0x0000000a   Code   RO        12917    x$fpl$fpinit        fz_wv.l(fpinit.o)
    0x8000cdc4   0x7000f2a8   0x000000c2   Code   RO        12649    x$fpl$llsfromd      fz_wv.l(dfixll.o)
    0x8000ce86   0x7000f36a   0x00000064   Code   RO        12958    x$fpl$retnan        fz_wv.l(retnan.o)
    0x8000ceea   0x7000f3ce   0x0000005c   Code   RO        12781    x$fpl$scalbn        fz_wv.l(scalbn.o)
    0x8000cf46   0x7000f42a   0x00000030   Code   RO        13009    x$fpl$trapveneer    fz_wv.l(trapv.o)
    0x8000cf76   0x7000f45a   0x00000000   Code   RO        12783    x$fpl$usenofp       fz_wv.l(usenofp.o)
    0x8000cf76   0x7000f45a   0x00000002   PAD
    0x8000cf78   0x7000f45c   0x0000001e   Data   RO          187    .constdata          clock_config.o
    0x8000cf96   0x7000f47a   0x00000002   PAD
    0x8000cf98   0x7000f47c   0x00000024   Data   RO          566    .constdata          lpuart_adapter.o
    0x8000cfbc   0x7000f4a0   0x00000010   Data   RO         1129    .constdata          fsl_clock.o
    0x8000cfcc   0x7000f4b0   0x00000008   Data   RO         1506    .constdata          fsl_csi.o
    0x8000cfd4   0x7000f4b8   0x00000024   Data   RO         2899    .constdata          fsl_enet.o
    0x8000cff8   0x7000f4dc   0x00000048   Data   RO         6111    .constdata          fsl_lpuart.o
    0x8000d040   0x7000f524   0x00000018   Data   RO         8319    .constdata          fsl_usdhc.o
    0x8000d058   0x7000f53c   0x00000010   Data   RO        12271    .constdata          fsl_debug_console.o
    0x8000d068   0x7000f54c   0x00000088   Data   RO        12668    .constdata          m_wv.l(pow.o)
    0x8000d0f0   0x7000f5d4   0x00000008   Data   RO        12808    .constdata          m_wv.l(qnan.o)
    0x8000d0f8   0x7000f5dc   0x00000049   Data   RO          430    .conststring        serial_manager.o
    0x8000d141   0x7000f625   0x00000003   PAD
    0x8000d144   0x7000f628   0x0000004b   Data   RO          519    .conststring        serial_port_uart.o
    0x8000d18f   0x7000f673   0x00000001   PAD
    0x8000d190   0x7000f674   0x00000049   Data   RO          567    .conststring        lpuart_adapter.o
    0x8000d1d9   0x7000f6bd   0x00000003   PAD
    0x8000d1dc   0x7000f6c0   0x0000004a   Data   RO        12272    .conststring        fsl_debug_console.o


    Execution Region SDRAM_ncache (Exec base: 0x81e00000, Load base: 0x7000f7a4, Size: 0x00000000, Max: 0x00200000, ABSOLUTE)

    **** No section assigned to this execution region ****


==============================================================================

Image component sizes


      Code (inc. data)   RO Data    RW Data    ZI Data      Debug   Object Name

      1140        122          0          0          0    1487934   board.o
      1940        442         30          0          0      15603   clock_config.o
        36          0          0          0          0       4710   common.o
         0          0        512          0          0       5983   evkmimxrt1064_flexspi_nor_config.o
         0          0       1072          0          0        671   evkmimxrt1064_sdram_ini_dcd.o
         0          0          0          0          0      10807   fsl_adc.o
        68         44          0          0          0        701   fsl_assert.o
      1928        258         16          0          8      23559   fsl_clock.o
      1812        432          8          0          8      59256   fsl_csi.o
       466         96         90          0         44       8137   fsl_debug_console.o
      1336        288          0          0        129      16940   fsl_edma.o
       320        138         36          0         24      17069   fsl_enet.o
       360        252          0          0         20      12304   fsl_flexcan.o
        80         12          0          0         24       9674   fsl_flexio.o
        66          0          0          0          0       9244   fsl_flexio_camera.o
         0          0          0          0          0        516   fsl_flexspi.o
         0          0         48          0          0       2422   fsl_flexspi_nor_boot.o
       250         68          0          0          0       3817   fsl_gpio.o
       148         34          0          0         48      11104   fsl_lpi2c.o
       512        336          0          0         33      10435   fsl_lpspi.o
      3088       1006         72          0         40      22875   fsl_lpuart.o
       528        192          0          0         40       8058   fsl_sai.o
        68         16          0          0         16       6021   fsl_spdif.o
      2358          0          0          0          0       5378   fsl_str.o
        64         28         24          0         16      18943   fsl_usdhc.o
         0          0          0          0          0      10176   generic_list.o
      1336         72          0          4      30986       6406   image_process.o
       190         10          0          0          0       4637   isr.o
       526        224        109          0          0       4514   lpuart_adapter.o
       116         12          0          0          0        911   main.o
         0          0          0          0          0      91815   pin_mux.o
      1246         72          0          0          0       8844   seekfree_ips200_parallel8.o
       256         26          0          0      22625       9773   seekfree_mt9v03x.o
       424         96          0         68      45217       7060   seekfree_mt9v03x_csi.o
         0          0          0          0          0        556   seekfree_printf.o
       522        136         73          0          0       6050   serial_manager.o
       252         76         75          0          0       3821   serial_port_uart.o
       548        242       1024          0          0       3468   startup_mimxrt1064.o
       526         40          0          4          0      38023   system_mimxrt1064.o
         0          0          0          0          0       5116   zf_adc.o
        44         12          0          0         84       3429   zf_camera.o
       918        176          0          0         32      30574   zf_csi.o
       348         14          0         40          0       5339   zf_gpio.o
     23946        758          0          0          0      14861   zf_iomuxc.o
       184         80          0          0          0       1227   zf_systick.o
       956         82          0         36          0       9061   zf_uart.o

    ----------------------------------------------------------------------
     48944       5892       3248        152     105604    2037822   Object Totals
        10          0         48          0       6144          0   (incl. Generated)
        28          0         11          0         66          0   (incl. Padding)

    ----------------------------------------------------------------------

      Code (inc. data)   RO Data    RW Data    ZI Data      Debug   Library Member Name

         8          0          0          0          0         68   __main.o
         0          0          0          0          0          0   __rtentry.o
        12          0          0          0          0          0   __rtentry2.o
         8          4          0          0          0          0   __rtentry7.o
        52          8          0          0          0          0   __scatter.o
        26          0          0          0          0          0   __scatter_copy.o
        28          0          0          0          0          0   __scatter_zi.o
        22          0          0          0          0        100   _rserrno.o
        18          0          0          0          0         80   exit.o
         0          0          0          0          0          0   indicate_semi.o
         2          0          0          0          0          0   libinit.o
         6          0          0          0          0          0   libinit2.o
         2          0          0          0          0          0   libshutdown.o
         2          0          0          0          0          0   libshutdown2.o
         0          0          0          0         96          0   libspace.o
        72          0          0          0          0         76   llsdiv.o
       238          0          0          0          0        100   lludivv7m.o
         8          4          0          0          0         68   rt_errno_addr_intlibspace.o
        78          0          0          0          0         80   rt_memclr_w.o
         2          0          0          0          0          0   rtexit.o
        10          0          0          0          0          0   rtexit2.o
        62          0          0          0          0         76   strlen.o
        12          4          0          0          0         68   sys_exit.o
         2          0          0          0          0         68   use_no_semi.o
        16          4          0          0          0        116   dcheck1.o
       194          4          0          0          0        164   dfixll.o
       162          0          0          0          0        132   dfltll_clz.o
       156          4          0          0          0        140   dnaninf.o
        10          0          0          0          0        116   fpinit.o
       100          0          0          0          0        116   retnan.o
        92          0          0          0          0        116   scalbn.o
        48          0          0          0          0        116   trapv.o
         0          0          0          0          0          0   usenofp.o
       110         60          0          0          0        580   dunder.o
        24          0          0          0          0        124   fabs.o
        48          0          0          0          0        124   fpclassify.o
       192          6          0          0          0        176   modf.o
       112          0          0          0          0        116   poly.o
      2296        304        136          0          0        320   pow.o
         0          0          8          0          0          0   qnan.o
       106          0          0          0          0        140   sqrt.o

    ----------------------------------------------------------------------
      4348        406        144          0         96       3380   Library Totals
        12          4          0          0          0          0   (incl. Padding)

    ----------------------------------------------------------------------

      Code (inc. data)   RO Data    RW Data    ZI Data      Debug   Library Name

       670         20          0          0         96        784   c_w.l
       778         12          0          0          0       1016   fz_wv.l
      2888        370        144          0          0       1580   m_wv.l

    ----------------------------------------------------------------------
      4348        406        144          0         96       3380   Library Totals

    ----------------------------------------------------------------------

==============================================================================


      Code (inc. data)   RO Data    RW Data    ZI Data      Debug   

     53292       6298       3392        152     105700    2018490   Grand Totals
     53292       6298       3392        152     105700    2018490   ELF Image Totals
     53292       6298       3392        152          0          0   ROM Totals

==============================================================================

    Total RO  Size (Code + RO Data)                56684 (  55.36kB)
    Total RW  Size (RW Data + ZI Data)            105852 ( 103.37kB)
    Total ROM Size (Code + RO Data + RW Data)      56836 (  55.50kB)

==============================================================================

