<html>
<body>
<pre>
<h1>µVision Build Log</h1>
<h2>Tool Versions:</h2>
IDE-Version: ¦ÌVision V5.31.0.0
Copyright (C) 2020 ARM Ltd and ARM Germany GmbH. All rights reserved.
License Information: Ge Quanyi, HUAWE, LIC=7YKYW-QS8B4-SGK7K-ZNEV4-3LT2E-ECCHU
 
Tool Versions:
Toolchain:       MDK-ARM Professional  Version: 5.31.0.0
Toolchain Path:  D:\MDK\ARM\ARMCC\Bin
C Compiler:      Armcc.exe V5.06 update 6 (build 750)
Assembler:       Armasm.exe V5.06 update 6 (build 750)
Linker/Locator:  ArmLink.exe V5.06 update 6 (build 750)
Library Manager: ArmAr.exe V5.06 update 6 (build 750)
Hex Converter:   FromElf.exe V5.06 update 6 (build 750)
CPU DLL:         SARMCM3.DLL V5.31.0.0
Dialog DLL:      DCM.DLL V1.17.3.0
Target DLL:      CMSIS_AGDI.dll V1.32.6.0
Dialog DLL:      TCM.DLL V1.46.0.0
 
<h2>Project:</h2>
E:\workspace\MT9V03x-CSI 2.0IPS Mono Demo\Project\MDK\RT106X.uvprojx
Project File Date:  09/10/2020

<h2>Output:</h2>
*** Using Compiler 'V5.06 update 6 (build 750)', folder: 'D:\MDK\ARM\ARMCC\Bin'
Rebuild target 'nor_sdram_zf_dtcm'
compiling lpuart_adapter.c...
compiling system_MIMXRT1064.c...
compiling generic_list.c...
compiling fsl_adc_etc.c...
compiling fsl_aoi.c...
compiling fsl_aipstz.c...
compiling serial_manager.c...
compiling serial_port_uart.c...
compiling pin_mux.c...
compiling fsl_adc.c...
compiling clock_config.c...
compiling board.c...
compiling fsl_bee.c...
compiling fsl_cache.c...
compiling fsl_common.c...
compiling fsl_clock.c...
compiling fsl_dmamux.c...
compiling fsl_cmp.c...
compiling fsl_elcdif.c...
compiling fsl_dcdc.c...
compiling fsl_csi.c...
compiling fsl_enc.c...
compiling fsl_dcp.c...
compiling fsl_edma.c...
compiling fsl_enet.c...
compiling fsl_ewm.c...
compiling fsl_flexio_camera.c...
compiling fsl_flexio.c...
compiling fsl_flexio_i2s_edma.c...
compiling fsl_flexio_i2c_master.c...
compiling fsl_flexio_i2s.c...
compiling fsl_flexio_spi_edma.c...
compiling fsl_flexio_spi.c...
compiling fsl_flexcan.c...
compiling fsl_flexio_uart.c...
compiling fsl_flexio_uart_edma.c...
compiling fsl_flexram.c...
compiling fsl_flexspi.c...
compiling fsl_gpc.c...
compiling fsl_gpt.c...
compiling fsl_gpio.c...
compiling fsl_kpp.c...
compiling fsl_lpi2c_edma.c...
compiling fsl_lpi2c.c...
compiling fsl_lpuart_edma.c...
compiling fsl_lpspi_edma.c...
compiling fsl_lpuart.c...
compiling fsl_lpspi.c...
compiling fsl_pit.c...
compiling fsl_pmu.c...
compiling fsl_pxp.c...
compiling fsl_qtmr.c...
compiling fsl_pwm.c...
compiling fsl_rtwdog.c...
compiling fsl_sai.c...
compiling fsl_snvs_lp.c...
compiling fsl_semc.c...
compiling fsl_snvs_hp.c...
compiling fsl_sai_edma.c...
compiling fsl_src.c...
compiling fsl_spdif.c...
compiling fsl_spdif_edma.c...
compiling fsl_tempmon.c...
compiling fsl_tsc.c...
compiling fsl_trng.c...
compiling fsl_usdhc.c...
compiling fsl_wdog.c...
compiling fsl_xbara.c...
compiling zf_adc.c...
compiling fsl_xbarb.c...
compiling zf_camera.c...
compiling zf_csi.c...
compiling zf_flash.c...
compiling zf_gpio.c...
compiling zf_iic.c...
compiling zf_pit.c...
compiling zf_vector.c...
compiling common.c...
compiling SEEKFREE_FONT.c...
compiling SEEKFREE_FUN.c...
compiling zf_pwm.c...
compiling zf_qtimer.c...
compiling zf_systick.c...
compiling zf_spi.c...
compiling zf_rom_api.c...
compiling zf_uart.c...
compiling zf_iomuxc.c...
compiling SEEKFREE_PRINTF.c...
compiling SEEKFREE_ICM20602.c...
compiling SEEKFREE_18TFT.c...
compiling SEEKFREE_IIC.c...
compiling SEEKFREE_L3G4200D.c...
compiling SEEKFREE_MMA8451.c...
compiling SEEKFREE_MPU6050.c...
compiling SEEKFREE_NRF24L01.c...
compiling SEEKFREE_VIRSCO.c...
compiling SEEKFREE_WIRELESS.c...
assembling startup_MIMXRT1064.s...
compiling SEEKFREE_W25QXXJV.c...
compiling SEEKFREE_MT9V03X.c...
compiling SEEKFREE_OLED.c...
compiling fsl_sbrk.c...
compiling SEEKFREE_MT9V03X_CSI.c...
compiling SEEKFREE_SCC8660.c...
compiling SEEKFREE_SCC8660_CSI.c...
compiling evkmimxrt1064_sdram_ini_dcd.c...
compiling SEEKFREE_IPS114_SPI.c...
compiling SEEKFREE_IPS200_PARALLEL8.c...
compiling fsl_assert.c...
compiling fsl_notifier.c...
compiling isr.c...
compiling fsl_debug_console.c...
compiling main.c...
compiling fsl_shell.c...
compiling evkmimxrt1064_flexspi_nor_config.c...
compiling fsl_flexspi_nor_boot.c...
compiling fsl_str.c...
compiling image_process.c...
linking...
Program Size: Code=53292 RO-data=3392 RW-data=152 ZI-data=105700  
".\Objects\RT106X.axf" - 0 Error(s), 0 Warning(s).

<h2>Software Packages used:</h2>

Package Vendor: NXP
                http://mcuxpresso.nxp.com/cmsis_pack/repo/NXP.MIMXRT1064_DFP.12.0.0.pack
                NXP.MIMXRT1064_DFP.12.0.0
                Device Family Pack for MIMXRT1064

<h2>Collection of Component include folders:</h2>
  D:\MDK\ARM\PACK\NXP\MIMXRT1064_DFP\12.0.0

<h2>Collection of Component Files used:</h2>
Build Time Elapsed:  00:00:07
</pre>
</body>
</html>
